Archive member included because of file (symbol)

C:\Users\install\AppData\Roaming\arduino15\packages\arduino\hardware\sam\1.6.4\variants\arduino_due_x/libsam_sam3x8e_gcc_rel.a(startup_sam3xa.o)
                              (Reset_Handler)
C:\Users\install\AppData\Roaming\arduino15\packages\arduino\hardware\sam\1.6.4\variants\arduino_due_x/libsam_sam3x8e_gcc_rel.a(uotghs.o)
                              C:\Users\install\AppData\Roaming\arduino15\packages\arduino\hardware\sam\1.6.4\variants\arduino_due_x/libsam_sam3x8e_gcc_rel.a(startup_sam3xa.o) (UOTGHS_Handler)
C:\Users\install\AppData\Local\V.Micro\Arduino\Builds\DueWindLabShield\arduino_due_x_dbg/core.a(cortex_handlers.c.o)
                              C:\Users\install\AppData\Roaming\arduino15\packages\arduino\hardware\sam\1.6.4\variants\arduino_due_x/libsam_sam3x8e_gcc_rel.a(startup_sam3xa.o) (NMI_Handler)
C:\Users\install\AppData\Local\V.Micro\Arduino\Builds\DueWindLabShield\arduino_due_x_dbg/core.a(hooks.c.o)
                              C:\Users\install\AppData\Local\V.Micro\Arduino\Builds\DueWindLabShield\arduino_due_x_dbg/core.a(cortex_handlers.c.o) (sysTickHook)
C:\Users\install\AppData\Local\V.Micro\Arduino\Builds\DueWindLabShield\arduino_due_x_dbg/core.a(wiring.c.o)
                              C:\Users\install\AppData\Local\V.Micro\Arduino\Builds\DueWindLabShield\arduino_due_x_dbg\DueWindLabShield.cpp.o (micros)
C:\Users\install\AppData\Local\V.Micro\Arduino\Builds\DueWindLabShield\arduino_due_x_dbg/core.a(main.cpp.o)
                              c:/users/install/appdata/roaming/arduino15/packages/arduino/tools/arm-none-eabi-gcc/4.8.3-2014q1/bin/../lib/gcc/arm-none-eabi/4.8.3/../../../../arm-none-eabi/lib/armv7-m/crt0.o (main)
C:\Users\install\AppData\Local\V.Micro\Arduino\Builds\DueWindLabShield\arduino_due_x_dbg/core.a(Print.cpp.o)
                              C:\Users\install\AppData\Local\V.Micro\Arduino\Builds\DueWindLabShield\arduino_due_x_dbg\DueWindLabShield.cpp.o (Print::print(char const*))
C:\Users\install\AppData\Local\V.Micro\Arduino\Builds\DueWindLabShield\arduino_due_x_dbg/core.a(Reset.cpp.o)
                              C:\Users\install\AppData\Local\V.Micro\Arduino\Builds\DueWindLabShield\arduino_due_x_dbg/core.a(cortex_handlers.c.o) (tickReset)
C:\Users\install\AppData\Local\V.Micro\Arduino\Builds\DueWindLabShield\arduino_due_x_dbg/core.a(UARTClass.cpp.o)
                              C:\Users\install\AppData\Local\V.Micro\Arduino\Builds\DueWindLabShield\arduino_due_x_dbg\DueWindLabShield.cpp.o (UARTClass::begin(unsigned long))
C:\Users\install\AppData\Local\V.Micro\Arduino\Builds\DueWindLabShield\arduino_due_x_dbg/core.a(WString.cpp.o)
                              C:\Users\install\AppData\Local\V.Micro\Arduino\Builds\DueWindLabShield\arduino_due_x_dbg\DueWindLabShield.cpp.o (String::~String())
C:\Users\install\AppData\Local\V.Micro\Arduino\Builds\DueWindLabShield\arduino_due_x_dbg/core.a(USBCore.cpp.o)
                              C:\Users\install\AppData\Local\V.Micro\Arduino\Builds\DueWindLabShield\arduino_due_x_dbg/core.a(main.cpp.o) (USBDevice_::attach())
C:\Users\install\AppData\Local\V.Micro\Arduino\Builds\DueWindLabShield\arduino_due_x_dbg/core.a(variant.cpp.o)
                              C:\Users\install\AppData\Local\V.Micro\Arduino\Builds\DueWindLabShield\arduino_due_x_dbg/core.a(main.cpp.o) (init)
C:\Users\install\AppData\Local\V.Micro\Arduino\Builds\DueWindLabShield\arduino_due_x_dbg/core.a(itoa.c.o)
                              C:\Users\install\AppData\Local\V.Micro\Arduino\Builds\DueWindLabShield\arduino_due_x_dbg/core.a(WString.cpp.o) (ltoa)
C:\Users\install\AppData\Local\V.Micro\Arduino\Builds\DueWindLabShield\arduino_due_x_dbg/core.a(wiring_analog.c.o)
                              C:\Users\install\AppData\Local\V.Micro\Arduino\Builds\DueWindLabShield\arduino_due_x_dbg/core.a(variant.cpp.o) (analogOutputInit)
C:\Users\install\AppData\Local\V.Micro\Arduino\Builds\DueWindLabShield\arduino_due_x_dbg/core.a(wiring_digital.c.o)
                              C:\Users\install\AppData\Local\V.Micro\Arduino\Builds\DueWindLabShield\arduino_due_x_dbg/core.a(wiring_analog.c.o) (pinMode)
C:\Users\install\AppData\Local\V.Micro\Arduino\Builds\DueWindLabShield\arduino_due_x_dbg/core.a(dtostrf.c.o)
                              C:\Users\install\AppData\Local\V.Micro\Arduino\Builds\DueWindLabShield\arduino_due_x_dbg/core.a(WString.cpp.o) (dtostrf)
C:\Users\install\AppData\Local\V.Micro\Arduino\Builds\DueWindLabShield\arduino_due_x_dbg/core.a(abi.cpp.o)
                              C:\Users\install\AppData\Local\V.Micro\Arduino\Builds\DueWindLabShield\arduino_due_x_dbg/core.a(Print.cpp.o) (__cxa_pure_virtual)
C:\Users\install\AppData\Local\V.Micro\Arduino\Builds\DueWindLabShield\arduino_due_x_dbg/core.a(RingBuffer.cpp.o)
                              C:\Users\install\AppData\Local\V.Micro\Arduino\Builds\DueWindLabShield\arduino_due_x_dbg/core.a(variant.cpp.o) (RingBuffer::RingBuffer())
[...]
Memory Configuration

Name             Origin             Length             Attributes
rom              0x00080000         0x00080000         xr
sram0            0x20000000         0x00010000         xrw
sram1            0x20080000         0x00008000         xrw
ram              0x20070000         0x00018000         xrw
*default*        0x00000000         0xffffffff

Linker script and memory map

LOAD c:/users/install/appdata/roaming/arduino15/packages/arduino/tools/arm-none-eabi-gcc/4.8.3-2014q1/bin/../lib/gcc/arm-none-eabi/4.8.3/armv7-m/crti.o
LOAD c:/users/install/appdata/roaming/arduino15/packages/arduino/tools/arm-none-eabi-gcc/4.8.3-2014q1/bin/../lib/gcc/arm-none-eabi/4.8.3/armv7-m/crtbegin.o
LOAD c:/users/install/appdata/roaming/arduino15/packages/arduino/tools/arm-none-eabi-gcc/4.8.3-2014q1/bin/../lib/gcc/arm-none-eabi/4.8.3/../../../../arm-none-eabi/lib/armv7-m/crt0.o
START GROUP
LOAD C:\Users\install\AppData\Local\V.Micro\Arduino\Builds\DueWindLabShield\arduino_due_x_dbg/syscalls_sam3.c.o
LOAD C:\Users\install\AppData\Local\V.Micro\Arduino\Builds\DueWindLabShield\arduino_due_x_dbg\DueWindLabShield.cpp.o
LOAD C:\Users\install\AppData\Local\V.Micro\Arduino\Builds\DueWindLabShield\arduino_due_x_dbg\speed_enc.cpp.o
LOAD C:\Users\install\AppData\Roaming\arduino15\packages\arduino\hardware\sam\1.6.4\variants\arduino_due_x/libsam_sam3x8e_gcc_rel.a
LOAD C:\Users\install\AppData\Local\V.Micro\Arduino\Builds\DueWindLabShield\arduino_due_x_dbg/core.a
END GROUP
LOAD c:/users/install/appdata/roaming/arduino15/packages/arduino/tools/arm-none-eabi-gcc/4.8.3-2014q1/bin/../lib/gcc/arm-none-eabi/4.8.3/../../../../arm-none-eabi/lib/armv7-m\libm.a
START GROUP
LOAD c:/users/install/appdata/roaming/arduino15/packages/arduino/tools/arm-none-eabi-gcc/4.8.3-2014q1/bin/../lib/gcc/arm-none-eabi/4.8.3/armv7-m\libgcc.a
LOAD c:/users/install/appdata/roaming/arduino15/packages/arduino/tools/arm-none-eabi-gcc/4.8.3-2014q1/bin/../lib/gcc/arm-none-eabi/4.8.3/../../../../arm-none-eabi/lib/armv7-m\libg.a
LOAD c:/users/install/appdata/roaming/arduino15/packages/arduino/tools/arm-none-eabi-gcc/4.8.3-2014q1/bin/../lib/gcc/arm-none-eabi/4.8.3/../../../../arm-none-eabi/lib/armv7-m\libc.a
END GROUP
LOAD c:/users/install/appdata/roaming/arduino15/packages/arduino/tools/arm-none-eabi-gcc/4.8.3-2014q1/bin/../lib/gcc/arm-none-eabi/4.8.3/armv7-m/crtend.o
LOAD c:/users/install/appdata/roaming/arduino15/packages/arduino/tools/arm-none-eabi-gcc/4.8.3-2014q1/bin/../lib/gcc/arm-none-eabi/4.8.3/armv7-m/crtn.o

.text           0x00080000     0x792c
                0x00080000                . = ALIGN (0x4)
                0x00080000                _sfixed = .
 *(.vectors .vectors.*)
 .vectors       0x00080000       0xf4 C:\Users\install\AppData\Roaming\arduino15\packages\arduino\hardware\sam\1.6.4\variants\arduino_due_x/libsam_sam3x8e_gcc_rel.a(startup_sam3xa.o)
                0x00080000                exception_table
 *(.text .text.* .gnu.linkonce.t.*)
 .text          0x000800f4       0x54 c:/users/install/appdata/roaming/arduino15/packages/arduino/tools/arm-none-eabi-gcc/4.8.3-2014q1/bin/../lib/gcc/arm-none-eabi/4.8.3/armv7-m/crtbegin.o
 .text._sbrk    0x00080148       0x1c C:\Users\install\AppData\Local\V.Micro\Arduino\Builds\DueWindLabShield\arduino_due_x_dbg/syscalls_sam3.c.o
                0x00080148                _sbrk
 .text._Z25constTimeStringLengthOf10m
                0x00080164       0x20 C:\Users\install\AppData\Local\V.Micro\Arduino\Builds\DueWindLabShield\arduino_due_x_dbg\DueWindLabShield.cpp.o
                0x00080164                constTimeStringLengthOf10(unsigned long)
 .text.loop     0x00080184       0xec C:\Users\install\AppData\Local\V.Micro\Arduino\Builds\DueWindLabShield\arduino_due_x_dbg\DueWindLabShield.cpp.o
                0x00080184                loop
 .text.startup._GLOBAL__sub_I_currTime2
                0x00080270       0x10 C:\Users\install\AppData\Local\V.Micro\Arduino\Builds\DueWindLabShield\arduino_due_x_dbg\DueWindLabShield.cpp.o
 .text.setup    0x00080280       0x2c C:\Users\install\AppData\Local\V.Micro\Arduino\Builds\DueWindLabShield\arduino_due_x_dbg\DueWindLabShield.cpp.o
                0x00080280                setup
 .text._ZN9speed_encC2Eii
                0x000802ac       0x54 C:\Users\install\AppData\Local\V.Micro\Arduino\Builds\DueWindLabShield\arduino_due_x_dbg\speed_enc.cpp.o
                0x000802ac                speed_enc::speed_enc(int, int)
                0x000802ac                speed_enc::speed_enc(int, int)
 .text._ZN9speed_enc5speedEv
                0x00080300       0x64 C:\Users\install\AppData\Local\V.Micro\Arduino\Builds\DueWindLabShield\arduino_due_x_dbg\speed_enc.cpp.o
                0x00080300                speed_enc::speed()
 .text.Reset_Handler
                0x00080364       0x70 C:\Users\install\AppData\Roaming\arduino15\packages\arduino\hardware\sam\1.6.4\variants\arduino_due_x/libsam_sam3x8e_gcc_rel.a(startup_sam3xa.o)
                0x00080364                Reset_Handler
 .text.UOTGHS_Handler
                0x000803d4       0x10 C:\Users\install\AppData\Roaming\arduino15\packages\arduino\hardware\sam\1.6.4\variants\arduino_due_x/libsam_sam3x8e_gcc_rel.a(uotghs.o)
                0x000803d4                UOTGHS_Handler
 .text.__halt   0x000803e4        0x2 C:\Users\install\AppData\Local\V.Micro\Arduino\Builds\DueWindLabShield\arduino_due_x_dbg/core.a(cortex_handlers.c.o)
                0x000803e4                DACC_Handler
                0x000803e4                DebugMon_Handler
                0x000803e4                DMAC_Handler
                0x000803e4                TRNG_Handler
                0x000803e4                HardFault_Handler
                0x000803e4                TC2_Handler
                0x000803e4                TWI1_Handler
                0x000803e4                NMI_Handler
                0x000803e4                TC7_Handler
                0x000803e4                ADC_Handler
                0x000803e4                SMC_Handler
                0x000803e4                RTT_Handler
                0x000803e4                EFC1_Handler
                0x000803e4                PIOB_Handler
                0x000803e4                RTC_Handler
                0x000803e4                UsageFault_Handler
                0x000803e4                TC6_Handler
                0x000803e4                WDT_Handler
                0x000803e4                CAN0_Handler
                0x000803e4                TC4_Handler
                0x000803e4                TC1_Handler
                0x000803e4                HSMCI_Handler
                0x000803e4                TC3_Handler
                0x000803e4                TWI0_Handler
                0x000803e4                PIOA_Handler
                0x000803e4                SSC_Handler
                0x000803e4                EFC0_Handler
                0x000803e4                PMC_Handler
                0x000803e4                PWM_Handler
                0x000803e4                CAN1_Handler
                0x000803e4                MemManage_Handler
                0x000803e4                SUPC_Handler
                0x000803e4                TC8_Handler
                0x000803e4                USART2_Handler
                0x000803e4                PIOD_Handler
                0x000803e4                EMAC_Handler
                0x000803e4                PIOC_Handler
                0x000803e4                BusFault_Handler
                0x000803e4                RSTC_Handler
                0x000803e4                TC0_Handler
                0x000803e4                TC5_Handler
                0x000803e4                SPI0_Handler
 .text.SVC_Handler
                0x000803e6        0x4 C:\Users\install\AppData\Local\V.Micro\Arduino\Builds\DueWindLabShield\arduino_due_x_dbg/core.a(cortex_handlers.c.o)
                0x000803e6                SVC_Handler
 .text.PendSV_Handler
                0x000803ea        0x4 C:\Users\install\AppData\Local\V.Micro\Arduino\Builds\DueWindLabShield\arduino_due_x_dbg/core.a(cortex_handlers.c.o)
                0x000803ea                PendSV_Handler
 .text.SysTick_Handler
                0x000803ee       0x16 C:\Users\install\AppData\Local\V.Micro\Arduino\Builds\DueWindLabShield\arduino_due_x_dbg/core.a(cortex_handlers.c.o)
                0x000803ee                SysTick_Handler
 .text.__empty  0x00080404        0x2 C:\Users\install\AppData\Local\V.Micro\Arduino\Builds\DueWindLabShield\arduino_due_x_dbg/core.a(hooks.c.o)
                0x00080404                yield
 .text.__false  0x00080406        0x4 C:\Users\install\AppData\Local\V.Micro\Arduino\Builds\DueWindLabShield\arduino_due_x_dbg/core.a(hooks.c.o)
                0x00080406                sysTickHook
 .text.__halt   0x0008040a        0x2 C:\Users\install\AppData\Local\V.Micro\Arduino\Builds\DueWindLabShield\arduino_due_x_dbg/core.a(hooks.c.o)
                0x0008040a                svcHook
                0x0008040a                pendSVHook
 .text.micros   0x0008040c       0x74 C:\Users\install\AppData\Local\V.Micro\Arduino\Builds\DueWindLabShield\arduino_due_x_dbg/core.a(wiring.c.o)
                0x0008040c                micros
 .text.delay    0x00080480       0x1c C:\Users\install\AppData\Local\V.Micro\Arduino\Builds\DueWindLabShield\arduino_due_x_dbg/core.a(wiring.c.o)
                0x00080480                delay
 .text.initVariant
                0x0008049c        0x2 C:\Users\install\AppData\Local\V.Micro\Arduino\Builds\DueWindLabShield\arduino_due_x_dbg/core.a(main.cpp.o)
                0x0008049c                initVariant
 *fill*         0x0008049e        0x2 
 .text.startup.main
                0x000804a0       0x34 C:\Users\install\AppData\Local\V.Micro\Arduino\Builds\DueWindLabShield\arduino_due_x_dbg/core.a(main.cpp.o)
                0x000804a0                main
 .text._ZN5Print5writeEPKhj
                0x000804d4       0x22 C:\Users\install\AppData\Local\V.Micro\Arduino\Builds\DueWindLabShield\arduino_due_x_dbg/core.a(Print.cpp.o)
                0x000804d4                Print::write(unsigned char const*, unsigned int)
 .text._ZN5Print5writeEPKc
                0x000804f6       0x1e C:\Users\install\AppData\Local\V.Micro\Arduino\Builds\DueWindLabShield\arduino_due_x_dbg/core.a(Print.cpp.o)
                0x000804f6                Print::write(char const*)
 .text._ZN5Print5printERK6String
                0x00080514       0x10 C:\Users\install\AppData\Local\V.Micro\Arduino\Builds\DueWindLabShield\arduino_due_x_dbg/core.a(Print.cpp.o)
                0x00080514                Print::print(String const&)
 .text._ZN5Print5printEPKc
                0x00080524        0x8 C:\Users\install\AppData\Local\V.Micro\Arduino\Builds\DueWindLabShield\arduino_due_x_dbg/core.a(Print.cpp.o)
                0x00080524                Print::print(char const*)
 .text._ZN5Print5printEc
                0x0008052c        0xa C:\Users\install\AppData\Local\V.Micro\Arduino\Builds\DueWindLabShield\arduino_due_x_dbg/core.a(Print.cpp.o)
                0x0008052c                Print::print(char)
 .text._ZN5Print7printlnEv
                0x00080536       0x18 C:\Users\install\AppData\Local\V.Micro\Arduino\Builds\DueWindLabShield\arduino_due_x_dbg/core.a(Print.cpp.o)
                0x00080536                Print::println()
 .text._ZN5Print7printlnERK6String
                0x0008054e       0x14 C:\Users\install\AppData\Local\V.Micro\Arduino\Builds\DueWindLabShield\arduino_due_x_dbg/core.a(Print.cpp.o)
                0x0008054e                Print::println(String const&)
 .text._ZN5Print7printlnEPKc
                0x00080562       0x14 C:\Users\install\AppData\Local\V.Micro\Arduino\Builds\DueWindLabShield\arduino_due_x_dbg/core.a(Print.cpp.o)
                0x00080562                Print::println(char const*)
 .text._ZN5Print11printNumberEmh
                0x00080576       0x3c C:\Users\install\AppData\Local\V.Micro\Arduino\Builds\DueWindLabShield\arduino_due_x_dbg/core.a(Print.cpp.o)
                0x00080576                Print::printNumber(unsigned long, unsigned char)
 .text._ZN5Print5printEli
                0x000805b2       0x3c C:\Users\install\AppData\Local\V.Micro\Arduino\Builds\DueWindLabShield\arduino_due_x_dbg/core.a(Print.cpp.o)
                0x000805b2                Print::print(long, int)
 *fill*         0x000805ee        0x2 
 .text.initiateReset
                0x000805f0        0xc C:\Users\install\AppData\Local\V.Micro\Arduino\Builds\DueWindLabShield\arduino_due_x_dbg/core.a(Reset.cpp.o)
                0x000805f0                initiateReset
 .text.cancelReset
                0x000805fc       0x10 C:\Users\install\AppData\Local\V.Micro\Arduino\Builds\DueWindLabShield\arduino_due_x_dbg/core.a(Reset.cpp.o)
                0x000805fc                cancelReset
 .text.tickReset
                0x0008060c       0x20 C:\Users\install\AppData\Local\V.Micro\Arduino\Builds\DueWindLabShield\arduino_due_x_dbg/core.a(Reset.cpp.o)
                0x0008060c                tickReset
 .text._ZN9UARTClasscvbEv
                0x0008062c        0x4 C:\Users\install\AppData\Local\V.Micro\Arduino\Builds\DueWindLabShield\arduino_due_x_dbg/core.a(UARTClass.cpp.o)
                0x0008062c                UARTClass::operator bool()
 .text._ZN9UARTClass9availableEv
                0x00080630       0x12 C:\Users\install\AppData\Local\V.Micro\Arduino\Builds\DueWindLabShield\arduino_due_x_dbg/core.a(UARTClass.cpp.o)
                0x00080630                UARTClass::available()
 .text._ZN9UARTClass4peekEv
                0x00080642       0x1c C:\Users\install\AppData\Local\V.Micro\Arduino\Builds\DueWindLabShield\arduino_due_x_dbg/core.a(UARTClass.cpp.o)
                0x00080642                UARTClass::peek()
 .text._ZN9UARTClass4readEv
                0x0008065e       0x2a C:\Users\install\AppData\Local\V.Micro\Arduino\Builds\DueWindLabShield\arduino_due_x_dbg/core.a(UARTClass.cpp.o)
                0x0008065e                UARTClass::read()
 .text._ZN9UARTClass5flushEv
                0x00080688       0x18 C:\Users\install\AppData\Local\V.Micro\Arduino\Builds\DueWindLabShield\arduino_due_x_dbg/core.a(UARTClass.cpp.o)
                0x00080688                UARTClass::flush()
 .text._ZN9UARTClass5writeEh
                0x000806a0       0x54 C:\Users\install\AppData\Local\V.Micro\Arduino\Builds\DueWindLabShield\arduino_due_x_dbg/core.a(UARTClass.cpp.o)
                0x000806a0                UARTClass::write(unsigned char)
 .text._ZN9UARTClass3endEv
                0x000806f4       0x3c C:\Users\install\AppData\Local\V.Micro\Arduino\Builds\DueWindLabShield\arduino_due_x_dbg/core.a(UARTClass.cpp.o)
                0x000806f4                UARTClass::end()
 .text._ZN9UARTClassC2EP4Uart4IRQnmP10RingBufferS4_
                0x00080730       0x24 C:\Users\install\AppData\Local\V.Micro\Arduino\Builds\DueWindLabShield\arduino_due_x_dbg/core.a(UARTClass.cpp.o)
                0x00080730                UARTClass::UARTClass(Uart*, IRQn, unsigned long, RingBuffer*, RingBuffer*)
                0x00080730                UARTClass::UARTClass(Uart*, IRQn, unsigned long, RingBuffer*, RingBuffer*)
 .text._ZN9UARTClass4initEmm
                0x00080754       0x70 C:\Users\install\AppData\Local\V.Micro\Arduino\Builds\DueWindLabShield\arduino_due_x_dbg/core.a(UARTClass.cpp.o)
                0x00080754                UARTClass::init(unsigned long, unsigned long)
 .text._ZN9UARTClass5beginEm
                0x000807c4        0x8 C:\Users\install\AppData\Local\V.Micro\Arduino\Builds\DueWindLabShield\arduino_due_x_dbg/core.a(UARTClass.cpp.o)
                0x000807c4                UARTClass::begin(unsigned long)
 .text._ZN9UARTClass10IrqHandlerEv
                0x000807cc       0x5a C:\Users\install\AppData\Local\V.Micro\Arduino\Builds\DueWindLabShield\arduino_due_x_dbg/core.a(UARTClass.cpp.o)
                0x000807cc                UARTClass::IrqHandler()
 .text._ZN6StringD2Ev
                0x00080826        0xe C:\Users\install\AppData\Local\V.Micro\Arduino\Builds\DueWindLabShield\arduino_due_x_dbg/core.a(WString.cpp.o)
                0x00080826                String::~String()
                0x00080826                String::~String()
 .text._ZN6String10invalidateEv
                0x00080834       0x16 C:\Users\install\AppData\Local\V.Micro\Arduino\Builds\DueWindLabShield\arduino_due_x_dbg/core.a(WString.cpp.o)
                0x00080834                String::invalidate()
 .text._ZN6String12changeBufferEj
                0x0008084a       0x18 C:\Users\install\AppData\Local\V.Micro\Arduino\Builds\DueWindLabShield\arduino_due_x_dbg/core.a(WString.cpp.o)
                0x0008084a                String::changeBuffer(unsigned int)
 .text._ZN6String7reserveEj
                0x00080862       0x22 C:\Users\install\AppData\Local\V.Micro\Arduino\Builds\DueWindLabShield\arduino_due_x_dbg/core.a(WString.cpp.o)
                0x00080862                String::reserve(unsigned int)
 .text._ZN6String4copyEPKcj
                0x00080884       0x26 C:\Users\install\AppData\Local\V.Micro\Arduino\Builds\DueWindLabShield\arduino_due_x_dbg/core.a(WString.cpp.o)
                0x00080884                String::copy(char const*, unsigned int)
 .text._ZN6StringC2EPKc
                0x000808aa       0x24 C:\Users\install\AppData\Local\V.Micro\Arduino\Builds\DueWindLabShield\arduino_due_x_dbg/core.a(WString.cpp.o)
                0x000808aa                String::String(char const*)
                0x000808aa                String::String(char const*)
 *fill*         0x000808ce        0x2 
 .text.unlikely._ZL11USB_SendZlpv
                0x000808d0       0x20 C:\Users\install\AppData\Local\V.Micro\Arduino\Builds\DueWindLabShield\arduino_due_x_dbg/core.a(USBCore.cpp.o)
 .text._Z14USBD_Availablem
                0x000808f0       0x2c C:\Users\install\AppData\Local\V.Micro\Arduino\Builds\DueWindLabShield\arduino_due_x_dbg/core.a(USBCore.cpp.o)
                0x000808f0                USBD_Available(unsigned long)
 .text._Z9USBD_RecvmPvm
                0x0008091c       0x7c C:\Users\install\AppData\Local\V.Micro\Arduino\Builds\DueWindLabShield\arduino_due_x_dbg/core.a(USBCore.cpp.o)
                0x0008091c                USBD_Recv(unsigned long, void*, unsigned long)
 .text._Z9USBD_Recvm
                0x00080998       0x22 C:\Users\install\AppData\Local\V.Micro\Arduino\Builds\DueWindLabShield\arduino_due_x_dbg/core.a(USBCore.cpp.o)
                0x00080998                USBD_Recv(unsigned long)
 *fill*         0x000809ba        0x2 
 .text._Z9USBD_SendmPKvm
                0x000809bc       0x4c C:\Users\install\AppData\Local\V.Micro\Arduino\Builds\DueWindLabShield\arduino_due_x_dbg/core.a(USBCore.cpp.o)
                0x000809bc                USBD_Send(unsigned long, void const*, unsigned long)
 .text._Z16USBD_SendControlhPKvm
                0x00080a08       0x40 C:\Users\install\AppData\Local\V.Micro\Arduino\Builds\DueWindLabShield\arduino_due_x_dbg/core.a(USBCore.cpp.o)
                0x00080a08                USBD_SendControl(unsigned char, void const*, unsigned long)
 .text.unlikely._ZL24USB_SendStringDescriptorPKhi
                0x00080a48       0x38 C:\Users\install\AppData\Local\V.Micro\Arduino\Builds\DueWindLabShield\arduino_due_x_dbg/core.a(USBCore.cpp.o)
 .text._Z16USBD_RecvControlPvm
                0x00080a80       0x1c C:\Users\install\AppData\Local\V.Micro\Arduino\Builds\DueWindLabShield\arduino_due_x_dbg/core.a(USBCore.cpp.o)
                0x00080a80                USBD_RecvControl(void*, unsigned long)
 .text._Z26USBD_ClassInterfaceRequestR5Setup
                0x00080a9c       0x14 C:\Users\install\AppData\Local\V.Micro\Arduino\Builds\DueWindLabShield\arduino_due_x_dbg/core.a(USBCore.cpp.o)
                0x00080a9c                USBD_ClassInterfaceRequest(Setup&)
 .text._Z19USBD_SendInterfacesv
                0x00080ab0       0x1e C:\Users\install\AppData\Local\V.Micro\Arduino\Builds\DueWindLabShield\arduino_due_x_dbg/core.a(USBCore.cpp.o)
                0x00080ab0                USBD_SendInterfaces()
 .text._Z24USBD_SendOtherInterfacesv
                0x00080ace       0x1e C:\Users\install\AppData\Local\V.Micro\Arduino\Builds\DueWindLabShield\arduino_due_x_dbg/core.a(USBCore.cpp.o)
                0x00080ace                USBD_SendOtherInterfaces()
 .text._Z10USBD_Flushm
                0x00080aec       0x16 C:\Users\install\AppData\Local\V.Micro\Arduino\Builds\DueWindLabShield\arduino_due_x_dbg/core.a(USBCore.cpp.o)
                0x00080aec                USBD_Flush(unsigned long)
 *fill*         0x00080b02        0x2 
 .text._ZN10USBDevice_C2Ev
                0x00080b04       0x24 C:\Users\install\AppData\Local\V.Micro\Arduino\Builds\DueWindLabShield\arduino_due_x_dbg/core.a(USBCore.cpp.o)
                0x00080b04                USBDevice_::USBDevice_()
                0x00080b04                USBDevice_::USBDevice_()
 .text._ZN10USBDevice_6attachEv
                0x00080b28       0x20 C:\Users\install\AppData\Local\V.Micro\Arduino\Builds\DueWindLabShield\arduino_due_x_dbg/core.a(USBCore.cpp.o)
                0x00080b28                USBDevice_::attach()
 .text.startup._GLOBAL__sub_I_TxLEDPulse
                0x00080b48        0xc C:\Users\install\AppData\Local\V.Micro\Arduino\Builds\DueWindLabShield\arduino_due_x_dbg/core.a(USBCore.cpp.o)
 .text._ZL7USB_ISRv
                0x00080b54      0x424 C:\Users\install\AppData\Local\V.Micro\Arduino\Builds\DueWindLabShield\arduino_due_x_dbg/core.a(USBCore.cpp.o)
 .text._Z11serialEventv
                0x00080f78        0x2 C:\Users\install\AppData\Local\V.Micro\Arduino\Builds\DueWindLabShield\arduino_due_x_dbg/core.a(variant.cpp.o)
                0x00080f78                serialEvent()
 *fill*         0x00080f7a        0x2 
 .text.UART_Handler
                0x00080f7c        0xc C:\Users\install\AppData\Local\V.Micro\Arduino\Builds\DueWindLabShield\arduino_due_x_dbg/core.a(variant.cpp.o)
                0x00080f7c                UART_Handler
 .text._Z12serialEvent1v
                0x00080f88        0x2 C:\Users\install\AppData\Local\V.Micro\Arduino\Builds\DueWindLabShield\arduino_due_x_dbg/core.a(variant.cpp.o)
                0x00080f88                serialEvent1()
 .text._Z12serialEvent2v
                0x00080f8a        0x2 C:\Users\install\AppData\Local\V.Micro\Arduino\Builds\DueWindLabShield\arduino_due_x_dbg/core.a(variant.cpp.o)
                0x00080f8a                serialEvent2()
 .text._Z12serialEvent3v
                0x00080f8c        0x2 C:\Users\install\AppData\Local\V.Micro\Arduino\Builds\DueWindLabShield\arduino_due_x_dbg/core.a(variant.cpp.o)
                0x00080f8c                serialEvent3()
 *fill*         0x00080f8e        0x2 
 .text.USART0_Handler
                0x00080f90        0xc C:\Users\install\AppData\Local\V.Micro\Arduino\Builds\DueWindLabShield\arduino_due_x_dbg/core.a(variant.cpp.o)
                0x00080f90                USART0_Handler
 .text.USART1_Handler
                0x00080f9c        0xc C:\Users\install\AppData\Local\V.Micro\Arduino\Builds\DueWindLabShield\arduino_due_x_dbg/core.a(variant.cpp.o)
                0x00080f9c                USART1_Handler
 .text.USART3_Handler
                0x00080fa8        0xc C:\Users\install\AppData\Local\V.Micro\Arduino\Builds\DueWindLabShield\arduino_due_x_dbg/core.a(variant.cpp.o)
                0x00080fa8                USART3_Handler
 .text.init     0x00080fb4      0x130 C:\Users\install\AppData\Local\V.Micro\Arduino\Builds\DueWindLabShield\arduino_due_x_dbg/core.a(variant.cpp.o)
                0x00080fb4                init
 .text.startup._GLOBAL__sub_I_g_APinDescription
                0x000810e4       0xd4 C:\Users\install\AppData\Local\V.Micro\Arduino\Builds\DueWindLabShield\arduino_due_x_dbg/core.a(variant.cpp.o)
 .text._Z14serialEventRunv
                0x000811b8       0x44 C:\Users\install\AppData\Local\V.Micro\Arduino\Builds\DueWindLabShield\arduino_due_x_dbg/core.a(variant.cpp.o)
                0x000811b8                serialEventRun()
 .text.analogOutputInit
                0x000811fc       0x14 C:\Users\install\AppData\Local\V.Micro\Arduino\Builds\DueWindLabShield\arduino_due_x_dbg/core.a(wiring_analog.c.o)
                0x000811fc                analogOutputInit
 .text.digitalWrite
                0x00081210       0x48 C:\Users\install\AppData\Local\V.Micro\Arduino\Builds\DueWindLabShield\arduino_due_x_dbg/core.a(wiring_digital.c.o)
                0x00081210                digitalWrite
 .text._ZN10RingBufferC2Ev
                0x00081258       0x1a C:\Users\install\AppData\Local\V.Micro\Arduino\Builds\DueWindLabShield\arduino_due_x_dbg/core.a(RingBuffer.cpp.o)
                0x00081258                RingBuffer::RingBuffer()
                0x00081258                RingBuffer::RingBuffer()
 .text._ZN10RingBuffer10store_charEh
                0x00081272       0x1e C:\Users\install\AppData\Local\V.Micro\Arduino\Builds\DueWindLabShield\arduino_due_x_dbg/core.a(RingBuffer.cpp.o)
                0x00081272                RingBuffer::store_char(unsigned char)
 .text._ZN10USARTClass5beginEm
                0x00081290        0x8 C:\Users\install\AppData\Local\V.Micro\Arduino\Builds\DueWindLabShield\arduino_due_x_dbg/core.a(USARTClass.cpp.o)
                0x00081290                USARTClass::begin(unsigned long)
 .text._ZN10USARTClassC2EP5Usart4IRQnmP10RingBufferS4_
                0x00081298       0x24 C:\Users\install\AppData\Local\V.Micro\Arduino\Builds\DueWindLabShield\arduino_due_x_dbg/core.a(USARTClass.cpp.o)
                0x00081298                USARTClass::USARTClass(Usart*, IRQn, unsigned long, RingBuffer*, RingBuffer*)
                0x00081298                USARTClass::USARTClass(Usart*, IRQn, unsigned long, RingBuffer*, RingBuffer*)
 .text._ZN7Serial_9availableEv
                0x000812bc       0x18 C:\Users\install\AppData\Local\V.Micro\Arduino\Builds\DueWindLabShield\arduino_due_x_dbg/core.a(CDC.cpp.o)
                0x000812bc                Serial_::available()
 .text._ZN7Serial_4peekEv
                0x000812d4       0x20 C:\Users\install\AppData\Local\V.Micro\Arduino\Builds\DueWindLabShield\arduino_due_x_dbg/core.a(CDC.cpp.o)
                0x000812d4                Serial_::peek()
 .text._ZN7Serial_5writeEh
                0x000812f4       0x16 C:\Users\install\AppData\Local\V.Micro\Arduino\Builds\DueWindLabShield\arduino_due_x_dbg/core.a(CDC.cpp.o)
                0x000812f4                Serial_::write(unsigned char)
 *fill*         0x0008130a        0x2 
 .text._ZN7Serial_4readEv
                0x0008130c       0x44 C:\Users\install\AppData\Local\V.Micro\Arduino\Builds\DueWindLabShield\arduino_due_x_dbg/core.a(CDC.cpp.o)
                0x0008130c                Serial_::read()
 .text._ZN7Serial_5flushEv
                0x00081350        0x6 C:\Users\install\AppData\Local\V.Micro\Arduino\Builds\DueWindLabShield\arduino_due_x_dbg/core.a(CDC.cpp.o)
                0x00081350                Serial_::flush()
 *fill*         0x00081356        0x2 
 .text._ZN7Serial_6acceptEv
                0x00081358       0x70 C:\Users\install\AppData\Local\V.Micro\Arduino\Builds\DueWindLabShield\arduino_due_x_dbg/core.a(CDC.cpp.o)
                0x00081358                Serial_::accept()
 .text._ZN7Serial_5writeEPKhj
                0x000813c8       0x2c C:\Users\install\AppData\Local\V.Micro\Arduino\Builds\DueWindLabShield\arduino_due_x_dbg/core.a(CDC.cpp.o)
                0x000813c8                Serial_::write(unsigned char const*, unsigned int)
 .text._Z16CDC_GetInterfacePh
                0x000813f4       0x14 C:\Users\install\AppData\Local\V.Micro\Arduino\Builds\DueWindLabShield\arduino_due_x_dbg/core.a(CDC.cpp.o)
                0x000813f4                CDC_GetInterface(unsigned char*)
 .text._Z21CDC_GetOtherInterfacePh
                0x00081408       0x14 C:\Users\install\AppData\Local\V.Micro\Arduino\Builds\DueWindLabShield\arduino_due_x_dbg/core.a(CDC.cpp.o)
                0x00081408                CDC_GetOtherInterface(unsigned char*)
 .text._Z9CDC_SetupR5Setup
                0x0008141c       0x64 C:\Users\install\AppData\Local\V.Micro\Arduino\Builds\DueWindLabShield\arduino_due_x_dbg/core.a(CDC.cpp.o)
                0x0008141c                CDC_Setup(Setup&)
 .text.startup._GLOBAL__sub_I_cdc_rx_buffer
                0x00081480       0x1c C:\Users\install\AppData\Local\V.Micro\Arduino\Builds\DueWindLabShield\arduino_due_x_dbg/core.a(CDC.cpp.o)
 .text._ZN9Keyboard_5writeEh
                0x0008149c       0x1c C:\Users\install\AppData\Local\V.Micro\Arduino\Builds\DueWindLabShield\arduino_due_x_dbg/core.a(HID.cpp.o)
                0x0008149c                Keyboard_::write(unsigned char)
 .text._Z16HID_GetInterfacePh
                0x000814b8       0x14 C:\Users\install\AppData\Local\V.Micro\Arduino\Builds\DueWindLabShield\arduino_due_x_dbg/core.a(HID.cpp.o)
                0x000814b8                HID_GetInterface(unsigned char*)
 .text._Z17HID_GetDescriptori
                0x000814cc       0x10 C:\Users\install\AppData\Local\V.Micro\Arduino\Builds\DueWindLabShield\arduino_due_x_dbg/core.a(HID.cpp.o)
                0x000814cc                HID_GetDescriptor(int)
 .text._Z14HID_SendReporthPKvm
                0x000814dc       0x2e C:\Users\install\AppData\Local\V.Micro\Arduino\Builds\DueWindLabShield\arduino_due_x_dbg/core.a(HID.cpp.o)
                0x000814dc                HID_SendReport(unsigned char, void const*, unsigned long)
 *fill*         0x0008150a        0x2 
 .text._Z9HID_SetupR5Setup
                0x0008150c       0x40 C:\Users\install\AppData\Local\V.Micro\Arduino\Builds\DueWindLabShield\arduino_due_x_dbg/core.a(HID.cpp.o)
                0x0008150c                HID_Setup(Setup&)
 .text._ZN9Keyboard_10sendReportEP9KeyReport
                0x0008154c        0xc C:\Users\install\AppData\Local\V.Micro\Arduino\Builds\DueWindLabShield\arduino_due_x_dbg/core.a(HID.cpp.o)
                0x0008154c                Keyboard_::sendReport(KeyReport*)
 .text._ZN9Keyboard_5pressEh
                0x00081558       0x88 C:\Users\install\AppData\Local\V.Micro\Arduino\Builds\DueWindLabShield\arduino_due_x_dbg/core.a(HID.cpp.o)
                0x00081558                Keyboard_::press(unsigned char)
 .text._ZN9Keyboard_7releaseEh
                0x000815e0       0x64 C:\Users\install\AppData\Local\V.Micro\Arduino\Builds\DueWindLabShield\arduino_due_x_dbg/core.a(HID.cpp.o)
                0x000815e0                Keyboard_::release(unsigned char)
 .text._ZN9Keyboard_10releaseAllEv
                0x00081644       0x18 C:\Users\install\AppData\Local\V.Micro\Arduino\Builds\DueWindLabShield\arduino_due_x_dbg/core.a(HID.cpp.o)
                0x00081644                Keyboard_::releaseAll()
 .text.startup._GLOBAL__sub_I_Mouse
                0x0008165c       0x1c C:\Users\install\AppData\Local\V.Micro\Arduino\Builds\DueWindLabShield\arduino_due_x_dbg/core.a(HID.cpp.o)
 .text.PIO_DisableInterrupt
                0x00081678        0x4 C:\Users\install\AppData\Roaming\arduino15\packages\arduino\hardware\sam\1.6.4\variants\arduino_due_x/libsam_sam3x8e_gcc_rel.a(pio.o)
                0x00081678                PIO_DisableInterrupt
 .text.PIO_PullUp
                0x0008167c        0xa C:\Users\install\AppData\Roaming\arduino15\packages\arduino\hardware\sam\1.6.4\variants\arduino_due_x/libsam_sam3x8e_gcc_rel.a(pio.o)
                0x0008167c                PIO_PullUp
 .text.PIO_SetPeripheral
                0x00081686       0x2a C:\Users\install\AppData\Roaming\arduino15\packages\arduino\hardware\sam\1.6.4\variants\arduino_due_x/libsam_sam3x8e_gcc_rel.a(pio.o)
                0x00081686                PIO_SetPeripheral
 .text.PIO_SetInput
                0x000816b0       0x40 C:\Users\install\AppData\Roaming\arduino15\packages\arduino\hardware\sam\1.6.4\variants\arduino_due_x/libsam_sam3x8e_gcc_rel.a(pio.o)
                0x000816b0                PIO_SetInput
 .text.PIO_SetOutput
                0x000816f0       0x38 C:\Users\install\AppData\Roaming\arduino15\packages\arduino\hardware\sam\1.6.4\variants\arduino_due_x/libsam_sam3x8e_gcc_rel.a(pio.o)
                0x000816f0                PIO_SetOutput
 .text.PIO_Configure
                0x00081728       0x74 C:\Users\install\AppData\Roaming\arduino15\packages\arduino\hardware\sam\1.6.4\variants\arduino_due_x/libsam_sam3x8e_gcc_rel.a(pio.o)
                0x00081728                PIO_Configure
 .text.PIO_GetOutputDataStatus
                0x0008179c       0x16 C:\Users\install\AppData\Roaming\arduino15\packages\arduino\hardware\sam\1.6.4\variants\arduino_due_x/libsam_sam3x8e_gcc_rel.a(pio.o)
                0x0008179c                PIO_GetOutputDataStatus
 *fill*         0x000817b2        0x2 
 .text.pmc_enable_upll_clock
                0x000817b4       0x18 C:\Users\install\AppData\Roaming\arduino15\packages\arduino\hardware\sam\1.6.4\variants\arduino_due_x/libsam_sam3x8e_gcc_rel.a(pmc.o)
                0x000817b4                pmc_enable_upll_clock
 .text.pmc_enable_periph_clk
                0x000817cc       0x48 C:\Users\install\AppData\Roaming\arduino15\packages\arduino\hardware\sam\1.6.4\variants\arduino_due_x/libsam_sam3x8e_gcc_rel.a(pmc.o)
                0x000817cc                pmc_enable_periph_clk
 .text.pmc_disable_periph_clk
                0x00081814       0x48 C:\Users\install\AppData\Roaming\arduino15\packages\arduino\hardware\sam\1.6.4\variants\arduino_due_x/libsam_sam3x8e_gcc_rel.a(pmc.o)
                0x00081814                pmc_disable_periph_clk
 .text.pmc_switch_udpck_to_upllck
                0x0008185c       0x14 C:\Users\install\AppData\Roaming\arduino15\packages\arduino\hardware\sam\1.6.4\variants\arduino_due_x/libsam_sam3x8e_gcc_rel.a(pmc.o)
                0x0008185c                pmc_switch_udpck_to_upllck
 .text.pmc_enable_udpck
                0x00081870        0xc C:\Users\install\AppData\Roaming\arduino15\packages\arduino\hardware\sam\1.6.4\variants\arduino_due_x/libsam_sam3x8e_gcc_rel.a(pmc.o)
                0x00081870                pmc_enable_udpck
 .text.TimeTick_Increment
                0x0008187c       0x10 C:\Users\install\AppData\Roaming\arduino15\packages\arduino\hardware\sam\1.6.4\variants\arduino_due_x/libsam_sam3x8e_gcc_rel.a(timetick.o)
                0x0008187c                TimeTick_Increment
 .text.GetTickCount
                0x0008188c        0xc C:\Users\install\AppData\Roaming\arduino15\packages\arduino\hardware\sam\1.6.4\variants\arduino_due_x/libsam_sam3x8e_gcc_rel.a(timetick.o)
                0x0008188c                GetTickCount
 .text.WDT_Disable
                0x00081898        0x8 C:\Users\install\AppData\Roaming\arduino15\packages\arduino\hardware\sam\1.6.4\variants\arduino_due_x/libsam_sam3x8e_gcc_rel.a(wdt.o)
                0x00081898                WDT_Disable
 .text.SystemInit
                0x000818a0       0x9c C:\Users\install\AppData\Roaming\arduino15\packages\arduino\hardware\sam\1.6.4\variants\arduino_due_x/libsam_sam3x8e_gcc_rel.a(system_sam3xa.o)
                0x000818a0                SystemInit
 .text.adc_init
                0x0008193c       0xa0 C:\Users\install\AppData\Roaming\arduino15\packages\arduino\hardware\sam\1.6.4\variants\arduino_due_x/libsam_sam3x8e_gcc_rel.a(adc.o)
                0x0008193c                adc_init
 .text.adc_configure_trigger
                0x000819dc       0x10 C:\Users\install\AppData\Roaming\arduino15\packages\arduino\hardware\sam\1.6.4\variants\arduino_due_x/libsam_sam3x8e_gcc_rel.a(adc.o)
                0x000819dc                adc_configure_trigger
 .text.adc_configure_timing
                0x000819ec       0x1a C:\Users\install\AppData\Roaming\arduino15\packages\arduino\hardware\sam\1.6.4\variants\arduino_due_x/libsam_sam3x8e_gcc_rel.a(adc.o)
                0x000819ec                adc_configure_timing
 .text.adc_disable_all_channel
                0x00081a06        0x8 C:\Users\install\AppData\Roaming\arduino15\packages\arduino\hardware\sam\1.6.4\variants\arduino_due_x/libsam_sam3x8e_gcc_rel.a(adc.o)
                0x00081a06                adc_disable_all_channel
 .text.adc_disable_interrupt
                0x00081a0e        0x4 C:\Users\install\AppData\Roaming\arduino15\packages\arduino\hardware\sam\1.6.4\variants\arduino_due_x/libsam_sam3x8e_gcc_rel.a(adc.o)
                0x00081a0e                adc_disable_interrupt
 *fill*         0x00081a12        0x2 
 .text.UDD_SetStack
                0x00081a14        0xc C:\Users\install\AppData\Roaming\arduino15\packages\arduino\hardware\sam\1.6.4\variants\arduino_due_x/libsam_sam3x8e_gcc_rel.a(uotghs_device.o)
                0x00081a14                UDD_SetStack
 .text.UDD_Init
                0x00081a20       0xd0 C:\Users\install\AppData\Roaming\arduino15\packages\arduino\hardware\sam\1.6.4\variants\arduino_due_x/libsam_sam3x8e_gcc_rel.a(uotghs_device.o)
                0x00081a20                UDD_Init
 .text.UDD_Attach
                0x00081af0       0x4c C:\Users\install\AppData\Roaming\arduino15\packages\arduino\hardware\sam\1.6.4\variants\arduino_due_x/libsam_sam3x8e_gcc_rel.a(uotghs_device.o)
                0x00081af0                UDD_Attach
 .text.UDD_InitEP
                0x00081b3c       0x30 C:\Users\install\AppData\Roaming\arduino15\packages\arduino\hardware\sam\1.6.4\variants\arduino_due_x/libsam_sam3x8e_gcc_rel.a(uotghs_device.o)
                0x00081b3c                UDD_InitEP
 .text.UDD_InitEndpoints
                0x00081b6c       0x3c C:\Users\install\AppData\Roaming\arduino15\packages\arduino\hardware\sam\1.6.4\variants\arduino_due_x/libsam_sam3x8e_gcc_rel.a(uotghs_device.o)
                0x00081b6c                UDD_InitEndpoints
 .text.UDD_WaitIN
                0x00081ba8       0x14 C:\Users\install\AppData\Roaming\arduino15\packages\arduino\hardware\sam\1.6.4\variants\arduino_due_x/libsam_sam3x8e_gcc_rel.a(uotghs_device.o)
                0x00081ba8                UDD_WaitIN
 .text.UDD_WaitOUT
                0x00081bbc       0x14 C:\Users\install\AppData\Roaming\arduino15\packages\arduino\hardware\sam\1.6.4\variants\arduino_due_x/libsam_sam3x8e_gcc_rel.a(uotghs_device.o)
                0x00081bbc                UDD_WaitOUT
 .text.UDD_ClearIN
                0x00081bd0       0x18 C:\Users\install\AppData\Roaming\arduino15\packages\arduino\hardware\sam\1.6.4\variants\arduino_due_x/libsam_sam3x8e_gcc_rel.a(uotghs_device.o)
                0x00081bd0                UDD_ClearIN
 .text.UDD_ClearOUT
                0x00081be8       0x18 C:\Users\install\AppData\Roaming\arduino15\packages\arduino\hardware\sam\1.6.4\variants\arduino_due_x/libsam_sam3x8e_gcc_rel.a(uotghs_device.o)
                0x00081be8                UDD_ClearOUT
 .text.UDD_ReceivedSetupInt
                0x00081c00       0x10 C:\Users\install\AppData\Roaming\arduino15\packages\arduino\hardware\sam\1.6.4\variants\arduino_due_x/libsam_sam3x8e_gcc_rel.a(uotghs_device.o)
                0x00081c00                UDD_ReceivedSetupInt
 .text.UDD_ClearSetupInt
                0x00081c10       0x10 C:\Users\install\AppData\Roaming\arduino15\packages\arduino\hardware\sam\1.6.4\variants\arduino_due_x/libsam_sam3x8e_gcc_rel.a(uotghs_device.o)
                0x00081c10                UDD_ClearSetupInt
 .text.UDD_Send
                0x00081c20       0x90 C:\Users\install\AppData\Roaming\arduino15\packages\arduino\hardware\sam\1.6.4\variants\arduino_due_x/libsam_sam3x8e_gcc_rel.a(uotghs_device.o)
                0x00081c20                UDD_Send
 .text.UDD_Send8
                0x00081cb0       0x28 C:\Users\install\AppData\Roaming\arduino15\packages\arduino\hardware\sam\1.6.4\variants\arduino_due_x/libsam_sam3x8e_gcc_rel.a(uotghs_device.o)
                0x00081cb0                UDD_Send8
 .text.UDD_Recv8
                0x00081cd8       0x28 C:\Users\install\AppData\Roaming\arduino15\packages\arduino\hardware\sam\1.6.4\variants\arduino_due_x/libsam_sam3x8e_gcc_rel.a(uotghs_device.o)
                0x00081cd8                UDD_Recv8
 .text.UDD_Recv
                0x00081d00       0x34 C:\Users\install\AppData\Roaming\arduino15\packages\arduino\hardware\sam\1.6.4\variants\arduino_due_x/libsam_sam3x8e_gcc_rel.a(uotghs_device.o)
                0x00081d00                UDD_Recv
 .text.UDD_Stall
                0x00081d34       0x14 C:\Users\install\AppData\Roaming\arduino15\packages\arduino\hardware\sam\1.6.4\variants\arduino_due_x/libsam_sam3x8e_gcc_rel.a(uotghs_device.o)
                0x00081d34                UDD_Stall
 .text.UDD_FifoByteCount
                0x00081d48       0x1c C:\Users\install\AppData\Roaming\arduino15\packages\arduino\hardware\sam\1.6.4\variants\arduino_due_x/libsam_sam3x8e_gcc_rel.a(uotghs_device.o)
                0x00081d48                UDD_FifoByteCount
 .text.UDD_ReleaseRX
                0x00081d64       0x2c C:\Users\install\AppData\Roaming\arduino15\packages\arduino\hardware\sam\1.6.4\variants\arduino_due_x/libsam_sam3x8e_gcc_rel.a(uotghs_device.o)
                0x00081d64                UDD_ReleaseRX
 .text.UDD_ReleaseTX
                0x00081d90       0x2c C:\Users\install\AppData\Roaming\arduino15\packages\arduino\hardware\sam\1.6.4\variants\arduino_due_x/libsam_sam3x8e_gcc_rel.a(uotghs_device.o)
                0x00081d90                UDD_ReleaseTX
 .text.UDD_SetAddress
                0x00081dbc       0x20 C:\Users\install\AppData\Roaming\arduino15\packages\arduino\hardware\sam\1.6.4\variants\arduino_due_x/libsam_sam3x8e_gcc_rel.a(uotghs_device.o)
                0x00081dbc                UDD_SetAddress
 .text.__fpclassifyd
                0x00081ddc       0x50 c:/users/install/appdata/roaming/arduino15/packages/arduino/tools/arm-none-eabi-gcc/4.8.3-2014q1/bin/../lib/gcc/arm-none-eabi/4.8.3/../../../../arm-none-eabi/lib/armv7-m\libm.a(lib_a-s_fpclassify.o)
                0x00081ddc                __fpclassifyd
 .text          0x00081e2c      0x370 c:/users/install/appdata/roaming/arduino15/packages/arduino/tools/arm-none-eabi-gcc/4.8.3-2014q1/bin/../lib/gcc/arm-none-eabi/4.8.3/armv7-m\libgcc.a(_arm_addsubdf3.o)
                0x00081e2c                __aeabi_drsub
                0x00081e34                __aeabi_dsub
                0x00081e34                __subdf3
                0x00081e38                __aeabi_dadd
                0x00081e38                __adddf3
                0x000820b0                __floatunsidf
                0x000820b0                __aeabi_ui2d
                0x000820d0                __floatsidf
                0x000820d0                __aeabi_i2d
                0x000820f4                __aeabi_f2d
                0x000820f4                __extendsfdf2
                0x00082130                __floatundidf
                0x00082130                __aeabi_ul2d
                0x00082140                __floatdidf
                0x00082140                __aeabi_l2d
 .text          0x0008219c      0x424 c:/users/install/appdata/roaming/arduino15/packages/arduino/tools/arm-none-eabi-gcc/4.8.3-2014q1/bin/../lib/gcc/arm-none-eabi/4.8.3/armv7-m\libgcc.a(_arm_muldivdf3.o)
                0x0008219c                __aeabi_dmul
                0x0008219c                __muldf3
                0x000823f0                __divdf3
                0x000823f0                __aeabi_ddiv
 .text          0x000825c0      0x110 c:/users/install/appdata/roaming/arduino15/packages/arduino/tools/arm-none-eabi-gcc/4.8.3-2014q1/bin/../lib/gcc/arm-none-eabi/4.8.3/armv7-m\libgcc.a(_arm_cmpdf2.o)
                0x000825c0                __gtdf2
                0x000825c0                __gedf2
                0x000825c8                __ltdf2
                0x000825c8                __ledf2
                0x000825d0                __nedf2
                0x000825d0                __eqdf2
                0x000825d0                __cmpdf2
                0x0008264c                __aeabi_cdrcmple
                0x0008265c                __aeabi_cdcmpeq
                0x0008265c                __aeabi_cdcmple
                0x0008266c                __aeabi_dcmpeq
                0x00082680                __aeabi_dcmplt
                0x00082694                __aeabi_dcmple
                0x000826a8                __aeabi_dcmpge
                0x000826bc                __aeabi_dcmpgt
 .text          0x000826d0       0x50 c:/users/install/appdata/roaming/arduino15/packages/arduino/tools/arm-none-eabi-gcc/4.8.3-2014q1/bin/../lib/gcc/arm-none-eabi/4.8.3/armv7-m\libgcc.a(_arm_fixdfsi.o)
                0x000826d0                __aeabi_d2iz
                0x000826d0                __fixdfsi
 .text.__libc_init_array
                0x00082720       0x50 c:/users/install/appdata/roaming/arduino15/packages/arduino/tools/arm-none-eabi-gcc/4.8.3-2014q1/bin/../lib/gcc/arm-none-eabi/4.8.3/../../../../arm-none-eabi/lib/armv7-m\libg.a(lib_a-init.o)
                0x00082720                __libc_init_array
 .text.malloc   0x00082770       0x10 c:/users/install/appdata/roaming/arduino15/packages/arduino/tools/arm-none-eabi-gcc/4.8.3-2014q1/bin/../lib/gcc/arm-none-eabi/4.8.3/../../../../arm-none-eabi/lib/armv7-m\libg.a(lib_a-malloc.o)
                0x00082770                malloc
 .text.free     0x00082780       0x10 c:/users/install/appdata/roaming/arduino15/packages/arduino/tools/arm-none-eabi-gcc/4.8.3-2014q1/bin/../lib/gcc/arm-none-eabi/4.8.3/../../../../arm-none-eabi/lib/armv7-m\libg.a(lib_a-malloc.o)
                0x00082780                free
 .text._malloc_r
                0x00082790      0x538 c:/users/install/appdata/roaming/arduino15/packages/arduino/tools/arm-none-eabi-gcc/4.8.3-2014q1/bin/../lib/gcc/arm-none-eabi/4.8.3/../../../../arm-none-eabi/lib/armv7-m\libg.a(lib_a-mallocr.o)
                0x00082790                _malloc_r
 .text          0x00082cc8       0xec c:/users/install/appdata/roaming/arduino15/packages/arduino/tools/arm-none-eabi-gcc/4.8.3-2014q1/bin/../lib/gcc/arm-none-eabi/4.8.3/../../../../arm-none-eabi/lib/armv7-m\libg.a(lib_a-memcpy.o)
                0x00082cc8                memcpy
 .text.memmove  0x00082db4       0xcc c:/users/install/appdata/roaming/arduino15/packages/arduino/tools/arm-none-eabi-gcc/4.8.3-2014q1/bin/../lib/gcc/arm-none-eabi/4.8.3/../../../../arm-none-eabi/lib/armv7-m\libg.a(lib_a-memmove.o)
                0x00082db4                memmove
 .text.memset   0x00082e80       0x94 c:/users/install/appdata/roaming/arduino15/packages/arduino/tools/arm-none-eabi-gcc/4.8.3-2014q1/bin/../lib/gcc/arm-none-eabi/4.8.3/../../../../arm-none-eabi/lib/armv7-m\libg.a(lib_a-memset.o)
                0x00082e80                memset
 .text.__malloc_lock
                0x00082f14        0x4 c:/users/install/appdata/roaming/arduino15/packages/arduino/tools/arm-none-eabi-gcc/4.8.3-2014q1/bin/../lib/gcc/arm-none-eabi/4.8.3/../../../../arm-none-eabi/lib/armv7-m\libg.a(lib_a-mlock.o)
                0x00082f14                __malloc_lock
 .text.__malloc_unlock
                0x00082f18        0x4 c:/users/install/appdata/roaming/arduino15/packages/arduino/tools/arm-none-eabi-gcc/4.8.3-2014q1/bin/../lib/gcc/arm-none-eabi/4.8.3/../../../../arm-none-eabi/lib/armv7-m\libg.a(lib_a-mlock.o)
                0x00082f18                __malloc_unlock
 .text.realloc  0x00082f1c       0x10 c:/users/install/appdata/roaming/arduino15/packages/arduino/tools/arm-none-eabi-gcc/4.8.3-2014q1/bin/../lib/gcc/arm-none-eabi/4.8.3/../../../../arm-none-eabi/lib/armv7-m\libg.a(lib_a-realloc.o)
                0x00082f1c                realloc
 .text._realloc_r
                0x00082f2c      0x3c0 c:/users/install/appdata/roaming/arduino15/packages/arduino/tools/arm-none-eabi-gcc/4.8.3-2014q1/bin/../lib/gcc/arm-none-eabi/4.8.3/../../../../arm-none-eabi/lib/armv7-m\libg.a(lib_a-reallocr.o)
                0x00082f2c                _realloc_r
 .text._sbrk_r  0x000832ec       0x24 c:/users/install/appdata/roaming/arduino15/packages/arduino/tools/arm-none-eabi-gcc/4.8.3-2014q1/bin/../lib/gcc/arm-none-eabi/4.8.3/../../../../arm-none-eabi/lib/armv7-m\libg.a(lib_a-sbrkr.o)
                0x000832ec                _sbrk_r
 .text.sprintf  0x00083310       0x4c c:/users/install/appdata/roaming/arduino15/packages/arduino/tools/arm-none-eabi-gcc/4.8.3-2014q1/bin/../lib/gcc/arm-none-eabi/4.8.3/../../../../arm-none-eabi/lib/armv7-m\libg.a(lib_a-sprintf.o)
                0x00083310                sprintf
 .text.strcpy   0x0008335c       0xbc c:/users/install/appdata/roaming/arduino15/packages/arduino/tools/arm-none-eabi-gcc/4.8.3-2014q1/bin/../lib/gcc/arm-none-eabi/4.8.3/../../../../arm-none-eabi/lib/armv7-m\libg.a(lib_a-strcpy.o)
                0x0008335c                strcpy
 .text.strlen   0x00083418       0x60 c:/users/install/appdata/roaming/arduino15/packages/arduino/tools/arm-none-eabi-gcc/4.8.3-2014q1/bin/../lib/gcc/arm-none-eabi/4.8.3/../../../../arm-none-eabi/lib/armv7-m\libg.a(lib_a-strlen.o)
                0x00083418                strlen
 .text._svfprintf_r
                0x00083478     0x14e0 c:/users/install/appdata/roaming/arduino15/packages/arduino/tools/arm-none-eabi-gcc/4.8.3-2014q1/bin/../lib/gcc/arm-none-eabi/4.8.3/../../../../arm-none-eabi/lib/armv7-m\libg.a(lib_a-svfprintf.o)
                0x00083478                _svfprintf_r
 .text.startup.register_fini
                0x00084958       0x14 c:/users/install/appdata/roaming/arduino15/packages/arduino/tools/arm-none-eabi-gcc/4.8.3-2014q1/bin/../lib/gcc/arm-none-eabi/4.8.3/../../../../arm-none-eabi/lib/armv7-m\libg.a(lib_a-__call_atexit.o)
 .text.atexit   0x0008496c        0xc c:/users/install/appdata/roaming/arduino15/packages/arduino/tools/arm-none-eabi-gcc/4.8.3-2014q1/bin/../lib/gcc/arm-none-eabi/4.8.3/../../../../arm-none-eabi/lib/armv7-m\libg.a(lib_a-atexit.o)
                0x0008496c                atexit
 .text.quorem   0x00084978      0x134 c:/users/install/appdata/roaming/arduino15/packages/arduino/tools/arm-none-eabi-gcc/4.8.3-2014q1/bin/../lib/gcc/arm-none-eabi/4.8.3/../../../../arm-none-eabi/lib/armv7-m\libg.a(lib_a-dtoa.o)
 *fill*         0x00084aac        0x4 
 .text._dtoa_r  0x00084ab0      0xe38 c:/users/install/appdata/roaming/arduino15/packages/arduino/tools/arm-none-eabi-gcc/4.8.3-2014q1/bin/../lib/gcc/arm-none-eabi/4.8.3/../../../../arm-none-eabi/lib/armv7-m\libg.a(lib_a-dtoa.o)
                0x00084ab0                _dtoa_r
 .text.__libc_fini_array
                0x000858e8       0x30 c:/users/install/appdata/roaming/arduino15/packages/arduino/tools/arm-none-eabi-gcc/4.8.3-2014q1/bin/../lib/gcc/arm-none-eabi/4.8.3/../../../../arm-none-eabi/lib/armv7-m\libg.a(lib_a-fini.o)
                0x000858e8                __libc_fini_array
 .text._malloc_trim_r
                0x00085918       0x9c c:/users/install/appdata/roaming/arduino15/packages/arduino/tools/arm-none-eabi-gcc/4.8.3-2014q1/bin/../lib/gcc/arm-none-eabi/4.8.3/../../../../arm-none-eabi/lib/armv7-m\libg.a(lib_a-freer.o)
                0x00085918                _malloc_trim_r
 .text._free_r  0x000859b4      0x198 c:/users/install/appdata/roaming/arduino15/packages/arduino/tools/arm-none-eabi-gcc/4.8.3-2014q1/bin/../lib/gcc/arm-none-eabi/4.8.3/../../../../arm-none-eabi/lib/armv7-m\libg.a(lib_a-freer.o)
                0x000859b4                _free_r
 .text._localeconv_r
                0x00085b4c        0x8 c:/users/install/appdata/roaming/arduino15/packages/arduino/tools/arm-none-eabi-gcc/4.8.3-2014q1/bin/../lib/gcc/arm-none-eabi/4.8.3/../../../../arm-none-eabi/lib/armv7-m\libg.a(lib_a-locale.o)
                0x00085b4c                _localeconv_r
 .text.memchr   0x00085b54       0x94 c:/users/install/appdata/roaming/arduino15/packages/arduino/tools/arm-none-eabi-gcc/4.8.3-2014q1/bin/../lib/gcc/arm-none-eabi/4.8.3/../../../../arm-none-eabi/lib/armv7-m\libg.a(lib_a-memchr-stub.o)
                0x00085b54                memchr
 .text._Balloc  0x00085be8       0x4c c:/users/install/appdata/roaming/arduino15/packages/arduino/tools/arm-none-eabi-gcc/4.8.3-2014q1/bin/../lib/gcc/arm-none-eabi/4.8.3/../../../../arm-none-eabi/lib/armv7-m\libg.a(lib_a-mprec.o)
                0x00085be8                _Balloc
 .text._Bfree   0x00085c34       0x14 c:/users/install/appdata/roaming/arduino15/packages/arduino/tools/arm-none-eabi-gcc/4.8.3-2014q1/bin/../lib/gcc/arm-none-eabi/4.8.3/../../../../arm-none-eabi/lib/armv7-m\libg.a(lib_a-mprec.o)
                0x00085c34                _Bfree
 .text.__multadd
                0x00085c48       0x94 c:/users/install/appdata/roaming/arduino15/packages/arduino/tools/arm-none-eabi-gcc/4.8.3-2014q1/bin/../lib/gcc/arm-none-eabi/4.8.3/../../../../arm-none-eabi/lib/armv7-m\libg.a(lib_a-mprec.o)
                0x00085c48                __multadd
 .text.__hi0bits
                0x00085cdc       0x40 c:/users/install/appdata/roaming/arduino15/packages/arduino/tools/arm-none-eabi-gcc/4.8.3-2014q1/bin/../lib/gcc/arm-none-eabi/4.8.3/../../../../arm-none-eabi/lib/armv7-m\libg.a(lib_a-mprec.o)
                0x00085cdc                __hi0bits
 .text.__lo0bits
                0x00085d1c       0x5c c:/users/install/appdata/roaming/arduino15/packages/arduino/tools/arm-none-eabi-gcc/4.8.3-2014q1/bin/../lib/gcc/arm-none-eabi/4.8.3/../../../../arm-none-eabi/lib/armv7-m\libg.a(lib_a-mprec.o)
                0x00085d1c                __lo0bits
 .text.__i2b    0x00085d78       0x14 c:/users/install/appdata/roaming/arduino15/packages/arduino/tools/arm-none-eabi-gcc/4.8.3-2014q1/bin/../lib/gcc/arm-none-eabi/4.8.3/../../../../arm-none-eabi/lib/armv7-m\libg.a(lib_a-mprec.o)
                0x00085d78                __i2b
 .text.__multiply
                0x00085d8c      0x13c c:/users/install/appdata/roaming/arduino15/packages/arduino/tools/arm-none-eabi-gcc/4.8.3-2014q1/bin/../lib/gcc/arm-none-eabi/4.8.3/../../../../arm-none-eabi/lib/armv7-m\libg.a(lib_a-mprec.o)
                0x00085d8c                __multiply
 .text.__pow5mult
                0x00085ec8       0x9c c:/users/install/appdata/roaming/arduino15/packages/arduino/tools/arm-none-eabi-gcc/4.8.3-2014q1/bin/../lib/gcc/arm-none-eabi/4.8.3/../../../../arm-none-eabi/lib/armv7-m\libg.a(lib_a-mprec.o)
                0x00085ec8                __pow5mult
 .text.__lshift
                0x00085f64       0xbc c:/users/install/appdata/roaming/arduino15/packages/arduino/tools/arm-none-eabi-gcc/4.8.3-2014q1/bin/../lib/gcc/arm-none-eabi/4.8.3/../../../../arm-none-eabi/lib/armv7-m\libg.a(lib_a-mprec.o)
                0x00085f64                __lshift
 .text.__mcmp   0x00086020       0x48 c:/users/install/appdata/roaming/arduino15/packages/arduino/tools/arm-none-eabi-gcc/4.8.3-2014q1/bin/../lib/gcc/arm-none-eabi/4.8.3/../../../../arm-none-eabi/lib/armv7-m\libg.a(lib_a-mprec.o)
                0x00086020                __mcmp
 .text.__mdiff  0x00086068       0xd8 c:/users/install/appdata/roaming/arduino15/packages/arduino/tools/arm-none-eabi-gcc/4.8.3-2014q1/bin/../lib/gcc/arm-none-eabi/4.8.3/../../../../arm-none-eabi/lib/armv7-m\libg.a(lib_a-mprec.o)
                0x00086068                __mdiff
 .text.__d2b    0x00086140       0xbc c:/users/install/appdata/roaming/arduino15/packages/arduino/tools/arm-none-eabi-gcc/4.8.3-2014q1/bin/../lib/gcc/arm-none-eabi/4.8.3/../../../../arm-none-eabi/lib/armv7-m\libg.a(lib_a-mprec.o)
                0x00086140                __d2b
 .text.__ssprint_r
                0x000861fc      0x100 c:/users/install/appdata/roaming/arduino15/packages/arduino/tools/arm-none-eabi-gcc/4.8.3-2014q1/bin/../lib/gcc/arm-none-eabi/4.8.3/../../../../arm-none-eabi/lib/armv7-m\libg.a(lib_a-svfiprintf.o)
                0x000861fc                __ssprint_r
 .text.__register_exitproc
                0x000862fc       0xa8 c:/users/install/appdata/roaming/arduino15/packages/arduino/tools/arm-none-eabi-gcc/4.8.3-2014q1/bin/../lib/gcc/arm-none-eabi/4.8.3/../../../../arm-none-eabi/lib/armv7-m\libg.a(lib_a-__atexit.o)
                0x000862fc                __register_exitproc
 .text._calloc_r
                0x000863a4       0x60 c:/users/install/appdata/roaming/arduino15/packages/arduino/tools/arm-none-eabi-gcc/4.8.3-2014q1/bin/../lib/gcc/arm-none-eabi/4.8.3/../../../../arm-none-eabi/lib/armv7-m\libg.a(lib_a-callocr.o)
                0x000863a4                _calloc_r
 .text          0x00086404       0x2c c:/users/install/appdata/roaming/arduino15/packages/arduino/tools/arm-none-eabi-gcc/4.8.3-2014q1/bin/../lib/gcc/arm-none-eabi/4.8.3/armv7-m\libgcc.a(_aeabi_uldivmod.o)
                0x00086404                __aeabi_uldivmod
 .text          0x00086430       0x60 c:/users/install/appdata/roaming/arduino15/packages/arduino/tools/arm-none-eabi-gcc/4.8.3-2014q1/bin/../lib/gcc/arm-none-eabi/4.8.3/armv7-m\libgcc.a(bpabi.o)
                0x00086430                __gnu_ldivmod_helper
                0x00086460                __gnu_uldivmod_helper
 .text          0x00086490        0x4 c:/users/install/appdata/roaming/arduino15/packages/arduino/tools/arm-none-eabi-gcc/4.8.3-2014q1/bin/../lib/gcc/arm-none-eabi/4.8.3/armv7-m\libgcc.a(_dvmd_tls.o)
                0x00086490                __aeabi_idiv0
                0x00086490                __aeabi_ldiv0
 .text          0x00086494      0x2a0 c:/users/install/appdata/roaming/arduino15/packages/arduino/tools/arm-none-eabi-gcc/4.8.3-2014q1/bin/../lib/gcc/arm-none-eabi/4.8.3/armv7-m\libgcc.a(_divdi3.o)
                0x00086494                __divdi3
 .text          0x00086734      0x290 c:/users/install/appdata/roaming/arduino15/packages/arduino/tools/arm-none-eabi-gcc/4.8.3-2014q1/bin/../lib/gcc/arm-none-eabi/4.8.3/armv7-m\libgcc.a(_udivdi3.o)
                0x00086734                __udivdi3
 *(.glue_7t)
 .glue_7t       0x00000000        0x0 linker stubs
 *(.glue_7)
 .glue_7        0x00000000        0x0 linker stubs
 *(.rodata .rodata* .gnu.linkonce.r.*)
 .rodata.str1.1
                0x000869c4       0x6b C:\Users\install\AppData\Local\V.Micro\Arduino\Builds\DueWindLabShield\arduino_due_x_dbg\DueWindLabShield.cpp.o
 *fill*         0x00086a2f        0x1 
 .rodata._ZTV9UARTClass
                0x00086a30       0x30 C:\Users\install\AppData\Local\V.Micro\Arduino\Builds\DueWindLabShield\arduino_due_x_dbg/core.a(UARTClass.cpp.o)
                0x00086a30                vtable for UARTClass
 .rodata.STRING_PRODUCT
                0x00086a60        0xc C:\Users\install\AppData\Local\V.Micro\Arduino\Builds\DueWindLabShield\arduino_due_x_dbg/core.a(USBCore.cpp.o)
                0x00086a60                STRING_PRODUCT
 .rodata.USB_DeviceDescriptor
                0x00086a6c       0x12 C:\Users\install\AppData\Local\V.Micro\Arduino\Builds\DueWindLabShield\arduino_due_x_dbg/core.a(USBCore.cpp.o)
                0x00086a6c                USB_DeviceDescriptor
 *fill*         0x00086a7e        0x2 
 .rodata._ZL9EndPoints
                0x00086a80       0x14 C:\Users\install\AppData\Local\V.Micro\Arduino\Builds\DueWindLabShield\arduino_due_x_dbg/core.a(USBCore.cpp.o)
 .rodata.STRING_LANGUAGE
                0x00086a94        0x4 C:\Users\install\AppData\Local\V.Micro\Arduino\Builds\DueWindLabShield\arduino_due_x_dbg/core.a(USBCore.cpp.o)
                0x00086a94                STRING_LANGUAGE
 .rodata._ZL18test_packet_buffer
                0x00086a98       0x35 C:\Users\install\AppData\Local\V.Micro\Arduino\Builds\DueWindLabShield\arduino_due_x_dbg/core.a(USBCore.cpp.o)
 .rodata.STRING_MANUFACTURER
                0x00086acd        0xc C:\Users\install\AppData\Local\V.Micro\Arduino\Builds\DueWindLabShield\arduino_due_x_dbg/core.a(USBCore.cpp.o)
                0x00086acd                STRING_MANUFACTURER
 .rodata.USB_DeviceDescriptorA
                0x00086ad9       0x12 C:\Users\install\AppData\Local\V.Micro\Arduino\Builds\DueWindLabShield\arduino_due_x_dbg/core.a(USBCore.cpp.o)
                0x00086ad9                USB_DeviceDescriptorA
 .rodata._ZL19USB_DeviceQualifier
                0x00086aeb       0x12 C:\Users\install\AppData\Local\V.Micro\Arduino\Builds\DueWindLabShield\arduino_due_x_dbg/core.a(USBCore.cpp.o)
 *fill*         0x00086afd        0x3 
 .rodata.g_APinDescription
                0x00086b00      0xa2c C:\Users\install\AppData\Local\V.Micro\Arduino\Builds\DueWindLabShield\arduino_due_x_dbg/core.a(variant.cpp.o)
                0x00086b00                g_APinDescription
 *fill*         0x0008752c        0x4 
 .rodata._ZTV10USARTClass
                0x00087530       0x30 C:\Users\install\AppData\Local\V.Micro\Arduino\Builds\DueWindLabShield\arduino_due_x_dbg/core.a(USARTClass.cpp.o)
                0x00087530                vtable for USARTClass
 .rodata._ZTV7Serial_
                0x00087560       0x28 C:\Users\install\AppData\Local\V.Micro\Arduino\Builds\DueWindLabShield\arduino_due_x_dbg/core.a(CDC.cpp.o)
                0x00087560                vtable for Serial_
 .rodata._ZL18_cdcOtherInterface
                0x00087588       0x42 C:\Users\install\AppData\Local\V.Micro\Arduino\Builds\DueWindLabShield\arduino_due_x_dbg/core.a(CDC.cpp.o)
 .rodata._ZL13_cdcInterface
                0x000875ca       0x42 C:\Users\install\AppData\Local\V.Micro\Arduino\Builds\DueWindLabShield\arduino_due_x_dbg/core.a(CDC.cpp.o)
 *fill*         0x0008760c        0x4 
 .rodata._ZTV9Keyboard_
                0x00087610       0x20 C:\Users\install\AppData\Local\V.Micro\Arduino\Builds\DueWindLabShield\arduino_due_x_dbg/core.a(HID.cpp.o)
                0x00087610                vtable for Keyboard_
 .rodata._asciimap
                0x00087630       0x80 C:\Users\install\AppData\Local\V.Micro\Arduino\Builds\DueWindLabShield\arduino_due_x_dbg/core.a(HID.cpp.o)
                0x00087630                _asciimap
 .rodata._hidInterface
                0x000876b0       0x19 C:\Users\install\AppData\Local\V.Micro\Arduino\Builds\DueWindLabShield\arduino_due_x_dbg/core.a(HID.cpp.o)
                0x000876b0                _hidInterface
 .rodata._hidReportDescriptor
                0x000876c9       0x65 C:\Users\install\AppData\Local\V.Micro\Arduino\Builds\DueWindLabShield\arduino_due_x_dbg/core.a(HID.cpp.o)
                0x000876c9                _hidReportDescriptor
 *fill*         0x0008772e        0x2 
 .rodata.C.0.8146
                0x00087730       0x40 C:\Users\install\AppData\Roaming\arduino15\packages\arduino\hardware\sam\1.6.4\variants\arduino_due_x/libsam_sam3x8e_gcc_rel.a(adc.o)
 .rodata.str1.4
                0x00087770        0x2 c:/users/install/appdata/roaming/arduino15/packages/arduino/tools/arm-none-eabi-gcc/4.8.3-2014q1/bin/../lib/gcc/arm-none-eabi/4.8.3/../../../../arm-none-eabi/lib/armv7-m\libg.a(lib_a-impure.o)
                                  0x4 (size before relaxing)
 *fill*         0x00087772        0x2 
 .rodata._global_impure_ptr
                0x00087774        0x4 c:/users/install/appdata/roaming/arduino15/packages/arduino/tools/arm-none-eabi-gcc/4.8.3-2014q1/bin/../lib/gcc/arm-none-eabi/4.8.3/../../../../arm-none-eabi/lib/armv7-m\libg.a(lib_a-impure.o)
                0x00087774                _global_impure_ptr
 .rodata.zeroes.6760
                0x00087778       0x10 c:/users/install/appdata/roaming/arduino15/packages/arduino/tools/arm-none-eabi-gcc/4.8.3-2014q1/bin/../lib/gcc/arm-none-eabi/4.8.3/../../../../arm-none-eabi/lib/armv7-m\libg.a(lib_a-svfprintf.o)
 .rodata.str1.4
                0x00087788       0x42 c:/users/install/appdata/roaming/arduino15/packages/arduino/tools/arm-none-eabi-gcc/4.8.3-2014q1/bin/../lib/gcc/arm-none-eabi/4.8.3/../../../../arm-none-eabi/lib/armv7-m\libg.a(lib_a-svfprintf.o)
                                 0x44 (size before relaxing)
 *fill*         0x000877ca        0x2 
 .rodata.blanks.6759
                0x000877cc       0x10 c:/users/install/appdata/roaming/arduino15/packages/arduino/tools/arm-none-eabi-gcc/4.8.3-2014q1/bin/../lib/gcc/arm-none-eabi/4.8.3/../../../../arm-none-eabi/lib/armv7-m\libg.a(lib_a-svfprintf.o)
 .rodata.str1.4
                0x000877dc       0x10 c:/users/install/appdata/roaming/arduino15/packages/arduino/tools/arm-none-eabi-gcc/4.8.3-2014q1/bin/../lib/gcc/arm-none-eabi/4.8.3/../../../../arm-none-eabi/lib/armv7-m\libg.a(lib_a-dtoa.o)
                                 0x14 (size before relaxing)
 .rodata.str1.4
                0x000877ec        0xc c:/users/install/appdata/roaming/arduino15/packages/arduino/tools/arm-none-eabi-gcc/4.8.3-2014q1/bin/../lib/gcc/arm-none-eabi/4.8.3/../../../../arm-none-eabi/lib/armv7-m\libg.a(lib_a-locale.o)
                                 0x14 (size before relaxing)
 .rodata.__mprec_tens
                0x000877f8       0xc8 c:/users/install/appdata/roaming/arduino15/packages/arduino/tools/arm-none-eabi-gcc/4.8.3-2014q1/bin/../lib/gcc/arm-none-eabi/4.8.3/../../../../arm-none-eabi/lib/armv7-m\libg.a(lib_a-mprec.o)
                0x000877f8                __mprec_tens
 .rodata.__mprec_bigtens
                0x000878c0       0x28 c:/users/install/appdata/roaming/arduino15/packages/arduino/tools/arm-none-eabi-gcc/4.8.3-2014q1/bin/../lib/gcc/arm-none-eabi/4.8.3/../../../../arm-none-eabi/lib/armv7-m\libg.a(lib_a-mprec.o)
                0x000878c0                __mprec_bigtens
 .rodata.p05.5266
                0x000878e8        0xc c:/users/install/appdata/roaming/arduino15/packages/arduino/tools/arm-none-eabi-gcc/4.8.3-2014q1/bin/../lib/gcc/arm-none-eabi/4.8.3/../../../../arm-none-eabi/lib/armv7-m\libg.a(lib_a-mprec.o)
 *(.ARM.extab* .gnu.linkonce.armextab.*)
                0x000878f4                . = ALIGN (0x4)
 *(.init)
 .init          0x000878f4        0x4 c:/users/install/appdata/roaming/arduino15/packages/arduino/tools/arm-none-eabi-gcc/4.8.3-2014q1/bin/../lib/gcc/arm-none-eabi/4.8.3/armv7-m/crti.o
                0x000878f4                _init
 .init          0x000878f8        0x8 c:/users/install/appdata/roaming/arduino15/packages/arduino/tools/arm-none-eabi-gcc/4.8.3-2014q1/bin/../lib/gcc/arm-none-eabi/4.8.3/armv7-m/crtn.o
                0x00087900                . = ALIGN (0x4)
                0x00087900                __preinit_array_start = .
 *(.preinit_array)
                0x00087900                __preinit_array_end = .
                0x00087900                . = ALIGN (0x4)
                0x00087900                __init_array_start = .
 *(SORT(.init_array.*))
 .init_array.00000
                0x00087900        0x4 c:/users/install/appdata/roaming/arduino15/packages/arduino/tools/arm-none-eabi-gcc/4.8.3-2014q1/bin/../lib/gcc/arm-none-eabi/4.8.3/../../../../arm-none-eabi/lib/armv7-m\libg.a(lib_a-__call_atexit.o)
 *(.init_array)
 .init_array    0x00087904        0x4 c:/users/install/appdata/roaming/arduino15/packages/arduino/tools/arm-none-eabi-gcc/4.8.3-2014q1/bin/../lib/gcc/arm-none-eabi/4.8.3/armv7-m/crtbegin.o
 .init_array    0x00087908        0x4 C:\Users\install\AppData\Local\V.Micro\Arduino\Builds\DueWindLabShield\arduino_due_x_dbg\DueWindLabShield.cpp.o
 .init_array    0x0008790c        0x4 C:\Users\install\AppData\Local\V.Micro\Arduino\Builds\DueWindLabShield\arduino_due_x_dbg/core.a(USBCore.cpp.o)
 .init_array    0x00087910        0x4 C:\Users\install\AppData\Local\V.Micro\Arduino\Builds\DueWindLabShield\arduino_due_x_dbg/core.a(variant.cpp.o)
 .init_array    0x00087914        0x4 C:\Users\install\AppData\Local\V.Micro\Arduino\Builds\DueWindLabShield\arduino_due_x_dbg/core.a(CDC.cpp.o)
 .init_array    0x00087918        0x4 C:\Users\install\AppData\Local\V.Micro\Arduino\Builds\DueWindLabShield\arduino_due_x_dbg/core.a(HID.cpp.o)
                0x0008791c                __init_array_end = .
                0x0008791c                . = ALIGN (0x4)
 *crtbegin.o(.ctors)
 *(EXCLUDE_FILE(*crtend.o) .ctors)
 *(SORT(.ctors.*))
 *crtend.o(.ctors)
                0x0008791c                . = ALIGN (0x4)
 *(.fini)
 .fini          0x0008791c        0x4 c:/users/install/appdata/roaming/arduino15/packages/arduino/tools/arm-none-eabi-gcc/4.8.3-2014q1/bin/../lib/gcc/arm-none-eabi/4.8.3/armv7-m/crti.o
                0x0008791c                _fini
 .fini          0x00087920        0x8 c:/users/install/appdata/roaming/arduino15/packages/arduino/tools/arm-none-eabi-gcc/4.8.3-2014q1/bin/../lib/gcc/arm-none-eabi/4.8.3/armv7-m/crtn.o
                0x00087928                . = ALIGN (0x4)
                0x00087928                __fini_array_start = .
 *(.fini_array)
 .fini_array    0x00087928        0x4 c:/users/install/appdata/roaming/arduino15/packages/arduino/tools/arm-none-eabi-gcc/4.8.3-2014q1/bin/../lib/gcc/arm-none-eabi/4.8.3/armv7-m/crtbegin.o
 *(SORT(.fini_array.*))
                0x0008792c                __fini_array_end = .
 *crtbegin.o(.dtors)
 *(EXCLUDE_FILE(*crtend.o) .dtors)
 *(SORT(.dtors.*))
 *crtend.o(.dtors)
                0x0008792c                . = ALIGN (0x4)
                0x0008792c                _efixed = .
                0x0008792c                PROVIDE (__exidx_start, .)

.vfp11_veneer   0x0008792c        0x0
 .vfp11_veneer  0x00000000        0x0 linker stubs

.v4_bx          0x0008792c        0x0
 .v4_bx         0x00000000        0x0 linker stubs

.iplt           0x0008792c        0x0
 .iplt          0x00000000        0x0 c:/users/install/appdata/roaming/arduino15/packages/arduino/tools/arm-none-eabi-gcc/4.8.3-2014q1/bin/../lib/gcc/arm-none-eabi/4.8.3/armv7-m/crtbegin.o

.ARM.exidx      0x0008792c        0x8
 *(.ARM.exidx* .gnu.linkonce.armexidx.*)
 .ARM.exidx     0x0008792c        0x8 c:/users/install/appdata/roaming/arduino15/packages/arduino/tools/arm-none-eabi-gcc/4.8.3-2014q1/bin/../lib/gcc/arm-none-eabi/4.8.3/armv7-m\libgcc.a(_divdi3.o)
 .ARM.exidx     0x00087934        0x0 c:/users/install/appdata/roaming/arduino15/packages/arduino/tools/arm-none-eabi-gcc/4.8.3-2014q1/bin/../lib/gcc/arm-none-eabi/4.8.3/armv7-m\libgcc.a(_udivdi3.o)
                                  0x8 (size before relaxing)
                0x00087934                PROVIDE (__exidx_end, .)

.eh_frame       0x00087934        0x0
 .eh_frame      0x00087934        0x0 c:/users/install/appdata/roaming/arduino15/packages/arduino/tools/arm-none-eabi-gcc/4.8.3-2014q1/bin/../lib/gcc/arm-none-eabi/4.8.3/armv7-m/crtbegin.o

.rel.dyn        0x00087934        0x0
 .rel.iplt      0x00000000        0x0 c:/users/install/appdata/roaming/arduino15/packages/arduino/tools/arm-none-eabi-gcc/4.8.3-2014q1/bin/../lib/gcc/arm-none-eabi/4.8.3/armv7-m/crtbegin.o

.jcr            0x00087934        0x0
 .jcr           0x00087934        0x0 c:/users/install/appdata/roaming/arduino15/packages/arduino/tools/arm-none-eabi-gcc/4.8.3-2014q1/bin/../lib/gcc/arm-none-eabi/4.8.3/armv7-m/crtbegin.o

.igot.plt       0x00087934        0x0
 .igot.plt      0x00000000        0x0 c:/users/install/appdata/roaming/arduino15/packages/arduino/tools/arm-none-eabi-gcc/4.8.3-2014q1/bin/../lib/gcc/arm-none-eabi/4.8.3/armv7-m/crtbegin.o
                0x00087934                . = ALIGN (0x4)
                0x00087934                _etext = .

.relocate       0x20070000      0x8bc load address 0x00087934
                0x20070000                . = ALIGN (0x4)
                0x20070000                _srelocate = .
 *(.ramfunc .ramfunc.*)
 .ramfunc       0x20070000       0x2c C:\Users\install\AppData\Local\V.Micro\Arduino\Builds\DueWindLabShield\arduino_due_x_dbg/core.a(Reset.cpp.o)
                0x20070000                banzai
 *(.data .data.*)
 .data._ZL5ticks
                0x2007002c        0x4 C:\Users\install\AppData\Local\V.Micro\Arduino\Builds\DueWindLabShield\arduino_due_x_dbg/core.a(Reset.cpp.o)
 .data._ZL12_usbLineInfo
                0x20070030        0x8 C:\Users\install\AppData\Local\V.Micro\Arduino\Builds\DueWindLabShield\arduino_due_x_dbg/core.a(CDC.cpp.o)
 .data._hid_protocol
                0x20070038        0x1 C:\Users\install\AppData\Local\V.Micro\Arduino\Builds\DueWindLabShield\arduino_due_x_dbg/core.a(HID.cpp.o)
                0x20070038                _hid_protocol
 .data._hid_idle
                0x20070039        0x1 C:\Users\install\AppData\Local\V.Micro\Arduino\Builds\DueWindLabShield\arduino_due_x_dbg/core.a(HID.cpp.o)
                0x20070039                _hid_idle
 *fill*         0x2007003a        0x2 
 .data.SystemCoreClock
                0x2007003c        0x4 C:\Users\install\AppData\Roaming\arduino15\packages\arduino\hardware\sam\1.6.4\variants\arduino_due_x/libsam_sam3x8e_gcc_rel.a(system_sam3xa.o)
                0x2007003c                SystemCoreClock
 .data.g_interrupt_enabled
                0x20070040        0x4 C:\Users\install\AppData\Roaming\arduino15\packages\arduino\hardware\sam\1.6.4\variants\arduino_due_x/libsam_sam3x8e_gcc_rel.a(interrupt_sam_nvic.o)
                0x20070040                g_interrupt_enabled
 *fill*         0x20070044        0x4 
 .data.impure_data
                0x20070048      0x428 c:/users/install/appdata/roaming/arduino15/packages/arduino/tools/arm-none-eabi-gcc/4.8.3-2014q1/bin/../lib/gcc/arm-none-eabi/4.8.3/../../../../arm-none-eabi/lib/armv7-m\libg.a(lib_a-impure.o)
 .data._impure_ptr
                0x20070470        0x4 c:/users/install/appdata/roaming/arduino15/packages/arduino/tools/arm-none-eabi-gcc/4.8.3-2014q1/bin/../lib/gcc/arm-none-eabi/4.8.3/../../../../arm-none-eabi/lib/armv7-m\libg.a(lib_a-impure.o)
                0x20070470                _impure_ptr
 .data.__malloc_av_
                0x20070474      0x408 c:/users/install/appdata/roaming/arduino15/packages/arduino/tools/arm-none-eabi-gcc/4.8.3-2014q1/bin/../lib/gcc/arm-none-eabi/4.8.3/../../../../arm-none-eabi/lib/armv7-m\libg.a(lib_a-mallocr.o)
                0x20070474                __malloc_av_
 .data.__malloc_trim_threshold
                0x2007087c        0x4 c:/users/install/appdata/roaming/arduino15/packages/arduino/tools/arm-none-eabi-gcc/4.8.3-2014q1/bin/../lib/gcc/arm-none-eabi/4.8.3/../../../../arm-none-eabi/lib/armv7-m\libg.a(lib_a-mallocr.o)
                0x2007087c                __malloc_trim_threshold
 .data.__malloc_sbrk_base
                0x20070880        0x4 c:/users/install/appdata/roaming/arduino15/packages/arduino/tools/arm-none-eabi-gcc/4.8.3-2014q1/bin/../lib/gcc/arm-none-eabi/4.8.3/../../../../arm-none-eabi/lib/armv7-m\libg.a(lib_a-mallocr.o)
                0x20070880                __malloc_sbrk_base
 .data.lconv    0x20070884       0x38 c:/users/install/appdata/roaming/arduino15/packages/arduino/tools/arm-none-eabi-gcc/4.8.3-2014q1/bin/../lib/gcc/arm-none-eabi/4.8.3/../../../../arm-none-eabi/lib/armv7-m\libg.a(lib_a-locale.o)
                0x200708bc                . = ALIGN (0x4)
                0x200708bc                _erelocate = .

.bss            0x200708bc      0x864 load address 0x000881f0
                0x200708bc                . = ALIGN (0x4)
                0x200708bc                _sbss = .
                0x200708bc                _szero = .
 *(.bss .bss.*)
 .bss           0x200708bc       0x1c c:/users/install/appdata/roaming/arduino15/packages/arduino/tools/arm-none-eabi-gcc/4.8.3-2014q1/bin/../lib/gcc/arm-none-eabi/4.8.3/armv7-m/crtbegin.o
 .bss.heap.6416
                0x200708d8        0x4 C:\Users\install\AppData\Local\V.Micro\Arduino\Builds\DueWindLabShield\arduino_due_x_dbg/syscalls_sam3.c.o
 *fill*         0x200708dc        0x4 
 .bss.speed     0x200708e0       0x28 C:\Users\install\AppData\Local\V.Micro\Arduino\Builds\DueWindLabShield\arduino_due_x_dbg\DueWindLabShield.cpp.o
                0x200708e0                speed
 .bss.currTime2
                0x20070908        0x4 C:\Users\install\AppData\Local\V.Micro\Arduino\Builds\DueWindLabShield\arduino_due_x_dbg\DueWindLabShield.cpp.o
                0x20070908                currTime2
 .bss.gpf_isr   0x2007090c        0x4 C:\Users\install\AppData\Roaming\arduino15\packages\arduino\hardware\sam\1.6.4\variants\arduino_due_x/libsam_sam3x8e_gcc_rel.a(uotghs.o)
                0x2007090c                gpf_isr
 .bss._ZL14isEndpointHalt
                0x20070910        0x1 C:\Users\install\AppData\Local\V.Micro\Arduino\Builds\DueWindLabShield\arduino_due_x_dbg/core.a(USBCore.cpp.o)
 *fill*         0x20070911        0x3 
 .bss._cmark    0x20070914        0x4 C:\Users\install\AppData\Local\V.Micro\Arduino\Builds\DueWindLabShield\arduino_due_x_dbg/core.a(USBCore.cpp.o)
                0x20070914                _cmark
 .bss._cend     0x20070918        0x4 C:\Users\install\AppData\Local\V.Micro\Arduino\Builds\DueWindLabShield\arduino_due_x_dbg/core.a(USBCore.cpp.o)
                0x20070918                _cend
 .bss._cdcComposite
                0x2007091c        0x4 C:\Users\install\AppData\Local\V.Micro\Arduino\Builds\DueWindLabShield\arduino_due_x_dbg/core.a(USBCore.cpp.o)
                0x2007091c                _cdcComposite
 .bss._ZL21isRemoteWakeUpEnabled
                0x20070920        0x1 C:\Users\install\AppData\Local\V.Micro\Arduino\Builds\DueWindLabShield\arduino_due_x_dbg/core.a(USBCore.cpp.o)
 *fill*         0x20070921        0x3 
 .bss._usbInitialized
                0x20070924        0x4 C:\Users\install\AppData\Local\V.Micro\Arduino\Builds\DueWindLabShield\arduino_due_x_dbg/core.a(USBCore.cpp.o)
                0x20070924                _usbInitialized
 .bss.USBDevice
                0x20070928        0x1 C:\Users\install\AppData\Local\V.Micro\Arduino\Builds\DueWindLabShield\arduino_due_x_dbg/core.a(USBCore.cpp.o)
                0x20070928                USBDevice
 *fill*         0x20070929        0x3 
 .bss._usbSetInterface
                0x2007092c        0x4 C:\Users\install\AppData\Local\V.Micro\Arduino\Builds\DueWindLabShield\arduino_due_x_dbg/core.a(USBCore.cpp.o)
                0x2007092c                _usbSetInterface
 .bss._usbConfiguration
                0x20070930        0x4 C:\Users\install\AppData\Local\V.Micro\Arduino\Builds\DueWindLabShield\arduino_due_x_dbg/core.a(USBCore.cpp.o)
                0x20070930                _usbConfiguration
 .bss.tx_buffer2
                0x20070934       0x88 C:\Users\install\AppData\Local\V.Micro\Arduino\Builds\DueWindLabShield\arduino_due_x_dbg/core.a(variant.cpp.o)
                0x20070934                tx_buffer2
 .bss.tx_buffer1
                0x200709bc       0x88 C:\Users\install\AppData\Local\V.Micro\Arduino\Builds\DueWindLabShield\arduino_due_x_dbg/core.a(variant.cpp.o)
                0x200709bc                tx_buffer1
 .bss.Serial    0x20070a44       0x24 C:\Users\install\AppData\Local\V.Micro\Arduino\Builds\DueWindLabShield\arduino_due_x_dbg/core.a(variant.cpp.o)
                0x20070a44                Serial
 .bss.rx_buffer1
                0x20070a68       0x88 C:\Users\install\AppData\Local\V.Micro\Arduino\Builds\DueWindLabShield\arduino_due_x_dbg/core.a(variant.cpp.o)
                0x20070a68                rx_buffer1
 .bss.Serial1   0x20070af0       0x28 C:\Users\install\AppData\Local\V.Micro\Arduino\Builds\DueWindLabShield\arduino_due_x_dbg/core.a(variant.cpp.o)
                0x20070af0                Serial1
 .bss.Serial2   0x20070b18       0x28 C:\Users\install\AppData\Local\V.Micro\Arduino\Builds\DueWindLabShield\arduino_due_x_dbg/core.a(variant.cpp.o)
                0x20070b18                Serial2
 .bss.Serial3   0x20070b40       0x28 C:\Users\install\AppData\Local\V.Micro\Arduino\Builds\DueWindLabShield\arduino_due_x_dbg/core.a(variant.cpp.o)
                0x20070b40                Serial3
 .bss.tx_buffer3
                0x20070b68       0x88 C:\Users\install\AppData\Local\V.Micro\Arduino\Builds\DueWindLabShield\arduino_due_x_dbg/core.a(variant.cpp.o)
                0x20070b68                tx_buffer3
 .bss.tx_buffer4
                0x20070bf0       0x88 C:\Users\install\AppData\Local\V.Micro\Arduino\Builds\DueWindLabShield\arduino_due_x_dbg/core.a(variant.cpp.o)
                0x20070bf0                tx_buffer4
 .bss.rx_buffer2
                0x20070c78       0x88 C:\Users\install\AppData\Local\V.Micro\Arduino\Builds\DueWindLabShield\arduino_due_x_dbg/core.a(variant.cpp.o)
                0x20070c78                rx_buffer2
 .bss.rx_buffer3
                0x20070d00       0x88 C:\Users\install\AppData\Local\V.Micro\Arduino\Builds\DueWindLabShield\arduino_due_x_dbg/core.a(variant.cpp.o)
                0x20070d00                rx_buffer3
 .bss.rx_buffer4
                0x20070d88       0x88 C:\Users\install\AppData\Local\V.Micro\Arduino\Builds\DueWindLabShield\arduino_due_x_dbg/core.a(variant.cpp.o)
                0x20070d88                rx_buffer4
 .bss.pinEnabled
                0x20070e10       0x4f C:\Users\install\AppData\Local\V.Micro\Arduino\Builds\DueWindLabShield\arduino_due_x_dbg/core.a(wiring_analog.c.o)
 *fill*         0x20070e5f        0x1 
 .bss.cdc_rx_buffer
                0x20070e60      0x208 C:\Users\install\AppData\Local\V.Micro\Arduino\Builds\DueWindLabShield\arduino_due_x_dbg/core.a(CDC.cpp.o)
                0x20070e60                cdc_rx_buffer
 .bss._ZZN7Serial_6acceptEvE5guard
                0x20071068        0x4 C:\Users\install\AppData\Local\V.Micro\Arduino\Builds\DueWindLabShield\arduino_due_x_dbg/core.a(CDC.cpp.o)
 .bss.SerialUSB
                0x2007106c       0x14 C:\Users\install\AppData\Local\V.Micro\Arduino\Builds\DueWindLabShield\arduino_due_x_dbg/core.a(CDC.cpp.o)
                0x2007106c                SerialUSB
 .bss.Mouse     0x20071080        0x1 C:\Users\install\AppData\Local\V.Micro\Arduino\Builds\DueWindLabShield\arduino_due_x_dbg/core.a(HID.cpp.o)
                0x20071080                Mouse
 *fill*         0x20071081        0x3 
 .bss.Keyboard  0x20071084       0x10 C:\Users\install\AppData\Local\V.Micro\Arduino\Builds\DueWindLabShield\arduino_due_x_dbg/core.a(HID.cpp.o)
                0x20071084                Keyboard
 .bss._dwTickCount
                0x20071094        0x4 C:\Users\install\AppData\Roaming\arduino15\packages\arduino\hardware\sam\1.6.4\variants\arduino_due_x/libsam_sam3x8e_gcc_rel.a(timetick.o)
 .bss.ul_recv_fifo_ptr
                0x20071098       0x28 C:\Users\install\AppData\Roaming\arduino15\packages\arduino\hardware\sam\1.6.4\variants\arduino_due_x/libsam_sam3x8e_gcc_rel.a(uotghs_device.o)
 .bss.ul_send_fifo_ptr
                0x200710c0       0x28 C:\Users\install\AppData\Roaming\arduino15\packages\arduino\hardware\sam\1.6.4\variants\arduino_due_x/libsam_sam3x8e_gcc_rel.a(uotghs_device.o)
 .bss.__malloc_max_total_mem
                0x200710e8        0x4 c:/users/install/appdata/roaming/arduino15/packages/arduino/tools/arm-none-eabi-gcc/4.8.3-2014q1/bin/../lib/gcc/arm-none-eabi/4.8.3/../../../../arm-none-eabi/lib/armv7-m\libg.a(lib_a-mallocr.o)
                0x200710e8                __malloc_max_total_mem
 .bss.__malloc_max_sbrked_mem
                0x200710ec        0x4 c:/users/install/appdata/roaming/arduino15/packages/arduino/tools/arm-none-eabi-gcc/4.8.3-2014q1/bin/../lib/gcc/arm-none-eabi/4.8.3/../../../../arm-none-eabi/lib/armv7-m\libg.a(lib_a-mallocr.o)
                0x200710ec                __malloc_max_sbrked_mem
 .bss.__malloc_top_pad
                0x200710f0        0x4 c:/users/install/appdata/roaming/arduino15/packages/arduino/tools/arm-none-eabi-gcc/4.8.3-2014q1/bin/../lib/gcc/arm-none-eabi/4.8.3/../../../../arm-none-eabi/lib/armv7-m\libg.a(lib_a-mallocr.o)
                0x200710f0                __malloc_top_pad
 .bss.__malloc_current_mallinfo
                0x200710f4       0x28 c:/users/install/appdata/roaming/arduino15/packages/arduino/tools/arm-none-eabi-gcc/4.8.3-2014q1/bin/../lib/gcc/arm-none-eabi/4.8.3/../../../../arm-none-eabi/lib/armv7-m\libg.a(lib_a-mallocr.o)
                0x200710f4                __malloc_current_mallinfo
 *(COMMON)
 COMMON         0x2007111c        0x4 c:/users/install/appdata/roaming/arduino15/packages/arduino/tools/arm-none-eabi-gcc/4.8.3-2014q1/bin/../lib/gcc/arm-none-eabi/4.8.3/../../../../arm-none-eabi/lib/armv7-m\libg.a(lib_a-reent.o)
                0x2007111c                errno
                0x20071120                . = ALIGN (0x4)
                0x20071120                _ebss = .
                0x20071120                _ezero = .
                0x20071120                . = ALIGN (0x4)
                0x20071120                _end = .

.stack_dummy    0x20071120        0x0
 *(.stack*)
                0x20088000                __StackTop = (ORIGIN (ram) + 0x18000)
                0x20088000                __StackLimit = (__StackTop - SIZEOF (.stack_dummy))
                0x20088000                PROVIDE (_sstack, __StackLimit)
                0x20088000                PROVIDE (_estack, __StackTop)
OUTPUT(C:\Users\install\AppData\Local\V.Micro\Arduino\Builds\DueWindLabShield\arduino_due_x_dbg/DueWindLabShield.elf elf32-littlearm)

.ARM.attributes
                0x00000000       0x29
 .ARM.attributes
                0x00000000       0x1d c:/users/install/appdata/roaming/arduino15/packages/arduino/tools/arm-none-eabi-gcc/4.8.3-2014q1/bin/../lib/gcc/arm-none-eabi/4.8.3/armv7-m/crti.o
 .ARM.attributes
                0x0000001d       0x2d c:/users/install/appdata/roaming/arduino15/packages/arduino/tools/arm-none-eabi-gcc/4.8.3-2014q1/bin/../lib/gcc/arm-none-eabi/4.8.3/armv7-m/crtbegin.o
 .ARM.attributes
                0x0000004a       0x33 C:\Users\install\AppData\Local\V.Micro\Arduino\Builds\DueWindLabShield\arduino_due_x_dbg/syscalls_sam3.c.o
 .ARM.attributes
                0x0000007d       0x33 C:\Users\install\AppData\Local\V.Micro\Arduino\Builds\DueWindLabShield\arduino_due_x_dbg\DueWindLabShield.cpp.o
 .ARM.attributes
                0x000000b0       0x33 C:\Users\install\AppData\Local\V.Micro\Arduino\Builds\DueWindLabShield\arduino_due_x_dbg\speed_enc.cpp.o
 .ARM.attributes
                0x000000e3       0x31 C:\Users\install\AppData\Roaming\arduino15\packages\arduino\hardware\sam\1.6.4\variants\arduino_due_x/libsam_sam3x8e_gcc_rel.a(startup_sam3xa.o)
 .ARM.attributes
                0x00000114       0x31 C:\Users\install\AppData\Roaming\arduino15\packages\arduino\hardware\sam\1.6.4\variants\arduino_due_x/libsam_sam3x8e_gcc_rel.a(uotghs.o)
 .ARM.attributes
                0x00000145       0x33 C:\Users\install\AppData\Local\V.Micro\Arduino\Builds\DueWindLabShield\arduino_due_x_dbg/core.a(cortex_handlers.c.o)
 .ARM.attributes
                0x00000178       0x33 C:\Users\install\AppData\Local\V.Micro\Arduino\Builds\DueWindLabShield\arduino_due_x_dbg/core.a(hooks.c.o)
 .ARM.attributes
                0x000001ab       0x33 C:\Users\install\AppData\Local\V.Micro\Arduino\Builds\DueWindLabShield\arduino_due_x_dbg/core.a(wiring.c.o)
 .ARM.attributes
                0x000001de       0x33 C:\Users\install\AppData\Local\V.Micro\Arduino\Builds\DueWindLabShield\arduino_due_x_dbg/core.a(main.cpp.o)
 .ARM.attributes
                0x00000211       0x33 C:\Users\install\AppData\Local\V.Micro\Arduino\Builds\DueWindLabShield\arduino_due_x_dbg/core.a(Print.cpp.o)
 .ARM.attributes
                0x00000244       0x33 C:\Users\install\AppData\Local\V.Micro\Arduino\Builds\DueWindLabShield\arduino_due_x_dbg/core.a(Reset.cpp.o)
 .ARM.attributes
                0x00000277       0x33 C:\Users\install\AppData\Local\V.Micro\Arduino\Builds\DueWindLabShield\arduino_due_x_dbg/core.a(UARTClass.cpp.o)
 .ARM.attributes
                0x000002aa       0x33 C:\Users\install\AppData\Local\V.Micro\Arduino\Builds\DueWindLabShield\arduino_due_x_dbg/core.a(WString.cpp.o)
 .ARM.attributes
                0x000002dd       0x33 C:\Users\install\AppData\Local\V.Micro\Arduino\Builds\DueWindLabShield\arduino_due_x_dbg/core.a(USBCore.cpp.o)
 .ARM.attributes
                0x00000310       0x33 C:\Users\install\AppData\Local\V.Micro\Arduino\Builds\DueWindLabShield\arduino_due_x_dbg/core.a(variant.cpp.o)
 .ARM.attributes
                0x00000343       0x33 C:\Users\install\AppData\Local\V.Micro\Arduino\Builds\DueWindLabShield\arduino_due_x_dbg/core.a(wiring_analog.c.o)
 .ARM.attributes
                0x00000376       0x33 C:\Users\install\AppData\Local\V.Micro\Arduino\Builds\DueWindLabShield\arduino_due_x_dbg/core.a(wiring_digital.c.o)
 .ARM.attributes
                0x000003a9       0x33 C:\Users\install\AppData\Local\V.Micro\Arduino\Builds\DueWindLabShield\arduino_due_x_dbg/core.a(RingBuffer.cpp.o)
 .ARM.attributes
                0x000003dc       0x33 C:\Users\install\AppData\Local\V.Micro\Arduino\Builds\DueWindLabShield\arduino_due_x_dbg/core.a(USARTClass.cpp.o)
 .ARM.attributes
                0x0000040f       0x33 C:\Users\install\AppData\Local\V.Micro\Arduino\Builds\DueWindLabShield\arduino_due_x_dbg/core.a(CDC.cpp.o)
 .ARM.attributes
                0x00000442       0x33 C:\Users\install\AppData\Local\V.Micro\Arduino\Builds\DueWindLabShield\arduino_due_x_dbg/core.a(HID.cpp.o)
 .ARM.attributes
                0x00000475       0x31 C:\Users\install\AppData\Roaming\arduino15\packages\arduino\hardware\sam\1.6.4\variants\arduino_due_x/libsam_sam3x8e_gcc_rel.a(pio.o)
 .ARM.attributes
                0x000004a6       0x31 C:\Users\install\AppData\Roaming\arduino15\packages\arduino\hardware\sam\1.6.4\variants\arduino_due_x/libsam_sam3x8e_gcc_rel.a(pmc.o)
 .ARM.attributes
                0x000004d7       0x31 C:\Users\install\AppData\Roaming\arduino15\packages\arduino\hardware\sam\1.6.4\variants\arduino_due_x/libsam_sam3x8e_gcc_rel.a(timetick.o)
 .ARM.attributes
                0x00000508       0x31 C:\Users\install\AppData\Roaming\arduino15\packages\arduino\hardware\sam\1.6.4\variants\arduino_due_x/libsam_sam3x8e_gcc_rel.a(wdt.o)
 .ARM.attributes
                0x00000539       0x31 C:\Users\install\AppData\Roaming\arduino15\packages\arduino\hardware\sam\1.6.4\variants\arduino_due_x/libsam_sam3x8e_gcc_rel.a(system_sam3xa.o)
 .ARM.attributes
                0x0000056a       0x31 C:\Users\install\AppData\Roaming\arduino15\packages\arduino\hardware\sam\1.6.4\variants\arduino_due_x/libsam_sam3x8e_gcc_rel.a(adc.o)
 .ARM.attributes
                0x0000059b       0x31 C:\Users\install\AppData\Roaming\arduino15\packages\arduino\hardware\sam\1.6.4\variants\arduino_due_x/libsam_sam3x8e_gcc_rel.a(interrupt_sam_nvic.o)
 .ARM.attributes
                0x000005cc       0x31 C:\Users\install\AppData\Roaming\arduino15\packages\arduino\hardware\sam\1.6.4\variants\arduino_due_x/libsam_sam3x8e_gcc_rel.a(uotghs_device.o)
 .ARM.attributes
                0x000005fd       0x2d c:/users/install/appdata/roaming/arduino15/packages/arduino/tools/arm-none-eabi-gcc/4.8.3-2014q1/bin/../lib/gcc/arm-none-eabi/4.8.3/../../../../arm-none-eabi/lib/armv7-m\libm.a(lib_a-s_fpclassify.o)
 .ARM.attributes
                0x0000062a       0x1d c:/users/install/appdata/roaming/arduino15/packages/arduino/tools/arm-none-eabi-gcc/4.8.3-2014q1/bin/../lib/gcc/arm-none-eabi/4.8.3/armv7-m\libgcc.a(_arm_addsubdf3.o)
 .ARM.attributes
                0x00000647       0x1d c:/users/install/appdata/roaming/arduino15/packages/arduino/tools/arm-none-eabi-gcc/4.8.3-2014q1/bin/../lib/gcc/arm-none-eabi/4.8.3/armv7-m\libgcc.a(_arm_muldivdf3.o)
 .ARM.attributes
                0x00000664       0x1d c:/users/install/appdata/roaming/arduino15/packages/arduino/tools/arm-none-eabi-gcc/4.8.3-2014q1/bin/../lib/gcc/arm-none-eabi/4.8.3/armv7-m\libgcc.a(_arm_cmpdf2.o)
 .ARM.attributes
                0x00000681       0x1d c:/users/install/appdata/roaming/arduino15/packages/arduino/tools/arm-none-eabi-gcc/4.8.3-2014q1/bin/../lib/gcc/arm-none-eabi/4.8.3/armv7-m\libgcc.a(_arm_fixdfsi.o)
 .ARM.attributes
                0x0000069e       0x2d c:/users/install/appdata/roaming/arduino15/packages/arduino/tools/arm-none-eabi-gcc/4.8.3-2014q1/bin/../lib/gcc/arm-none-eabi/4.8.3/../../../../arm-none-eabi/lib/armv7-m\libg.a(lib_a-impure.o)
 .ARM.attributes
                0x000006cb       0x2d c:/users/install/appdata/roaming/arduino15/packages/arduino/tools/arm-none-eabi-gcc/4.8.3-2014q1/bin/../lib/gcc/arm-none-eabi/4.8.3/../../../../arm-none-eabi/lib/armv7-m\libg.a(lib_a-init.o)
 .ARM.attributes
                0x000006f8       0x2d c:/users/install/appdata/roaming/arduino15/packages/arduino/tools/arm-none-eabi-gcc/4.8.3-2014q1/bin/../lib/gcc/arm-none-eabi/4.8.3/../../../../arm-none-eabi/lib/armv7-m\libg.a(lib_a-malloc.o)
 .ARM.attributes
                0x00000725       0x2d c:/users/install/appdata/roaming/arduino15/packages/arduino/tools/arm-none-eabi-gcc/4.8.3-2014q1/bin/../lib/gcc/arm-none-eabi/4.8.3/../../../../arm-none-eabi/lib/armv7-m\libg.a(lib_a-mallocr.o)
 .ARM.attributes
                0x00000752       0x1b c:/users/install/appdata/roaming/arduino15/packages/arduino/tools/arm-none-eabi-gcc/4.8.3-2014q1/bin/../lib/gcc/arm-none-eabi/4.8.3/../../../../arm-none-eabi/lib/armv7-m\libg.a(lib_a-memcpy.o)
 .ARM.attributes
                0x0000076d       0x2d c:/users/install/appdata/roaming/arduino15/packages/arduino/tools/arm-none-eabi-gcc/4.8.3-2014q1/bin/../lib/gcc/arm-none-eabi/4.8.3/../../../../arm-none-eabi/lib/armv7-m\libg.a(lib_a-memmove.o)
 .ARM.attributes
                0x0000079a       0x2d c:/users/install/appdata/roaming/arduino15/packages/arduino/tools/arm-none-eabi-gcc/4.8.3-2014q1/bin/../lib/gcc/arm-none-eabi/4.8.3/../../../../arm-none-eabi/lib/armv7-m\libg.a(lib_a-memset.o)
 .ARM.attributes
                0x000007c7       0x2d c:/users/install/appdata/roaming/arduino15/packages/arduino/tools/arm-none-eabi-gcc/4.8.3-2014q1/bin/../lib/gcc/arm-none-eabi/4.8.3/../../../../arm-none-eabi/lib/armv7-m\libg.a(lib_a-mlock.o)
 .ARM.attributes
                0x000007f4       0x2d c:/users/install/appdata/roaming/arduino15/packages/arduino/tools/arm-none-eabi-gcc/4.8.3-2014q1/bin/../lib/gcc/arm-none-eabi/4.8.3/../../../../arm-none-eabi/lib/armv7-m\libg.a(lib_a-realloc.o)
 .ARM.attributes
                0x00000821       0x2d c:/users/install/appdata/roaming/arduino15/packages/arduino/tools/arm-none-eabi-gcc/4.8.3-2014q1/bin/../lib/gcc/arm-none-eabi/4.8.3/../../../../arm-none-eabi/lib/armv7-m\libg.a(lib_a-reallocr.o)
 .ARM.attributes
                0x0000084e       0x2d c:/users/install/appdata/roaming/arduino15/packages/arduino/tools/arm-none-eabi-gcc/4.8.3-2014q1/bin/../lib/gcc/arm-none-eabi/4.8.3/../../../../arm-none-eabi/lib/armv7-m\libg.a(lib_a-sbrkr.o)
 .ARM.attributes
                0x0000087b       0x2d c:/users/install/appdata/roaming/arduino15/packages/arduino/tools/arm-none-eabi-gcc/4.8.3-2014q1/bin/../lib/gcc/arm-none-eabi/4.8.3/../../../../arm-none-eabi/lib/armv7-m\libg.a(lib_a-sprintf.o)
 .ARM.attributes
                0x000008a8       0x2d c:/users/install/appdata/roaming/arduino15/packages/arduino/tools/arm-none-eabi-gcc/4.8.3-2014q1/bin/../lib/gcc/arm-none-eabi/4.8.3/../../../../arm-none-eabi/lib/armv7-m\libg.a(lib_a-strcpy.o)
 .ARM.attributes
                0x000008d5       0x2d c:/users/install/appdata/roaming/arduino15/packages/arduino/tools/arm-none-eabi-gcc/4.8.3-2014q1/bin/../lib/gcc/arm-none-eabi/4.8.3/../../../../arm-none-eabi/lib/armv7-m\libg.a(lib_a-strlen.o)
 .ARM.attributes